[0.013s] Invoking command in '/home/elijahcmv/projects/robotarm/ros2_ws/build/my_arm_kinematics': CMAKE_PREFIX_PATH=${CMAKE_PREFIX_PATH}:/opt/ros/humble /usr/bin/cmake --build /home/elijahcmv/projects/robotarm/ros2_ws/build/my_arm_kinematics -- -j16 -l16
[0.049s] [35m[1mConsolidate compiler generated dependencies of target my_arm_kinematics_plugin[0m
[0.066s] [100%] Built target my_arm_kinematics_plugin
[0.074s] Invoked command in '/home/elijahcmv/projects/robotarm/ros2_ws/build/my_arm_kinematics' returned '0': CMAKE_PREFIX_PATH=${CMAKE_PREFIX_PATH}:/opt/ros/humble /usr/bin/cmake --build /home/elijahcmv/projects/robotarm/ros2_ws/build/my_arm_kinematics -- -j16 -l16
[0.083s] Invoking command in '/home/elijahcmv/projects/robotarm/ros2_ws/build/my_arm_kinematics': CMAKE_PREFIX_PATH=${CMAKE_PREFIX_PATH}:/opt/ros/humble /usr/bin/cmake --install /home/elijahcmv/projects/robotarm/ros2_ws/build/my_arm_kinematics
[0.088s] -- Install configuration: ""
[0.088s] -- Up-to-date: /home/elijahcmv/projects/robotarm/ros2_ws/install/share/my_arm_kinematics/my_arm_kinematics_plugin_description.xml
[0.088s] -- Up-to-date: /home/elijahcmv/projects/robotarm/ros2_ws/install/lib/libmy_arm_kinematics_plugin.so
[0.088s] -- Up-to-date: /home/elijahcmv/projects/robotarm/ros2_ws/install/include
[0.088s] -- Up-to-date: /home/elijahcmv/projects/robotarm/ros2_ws/install/include/my_arm_kinematics
[0.088s] -- Up-to-date: /home/elijahcmv/projects/robotarm/ros2_ws/install/include/my_arm_kinematics/my_arm_kinematics_plugin.h
[0.089s] -- Up-to-date: /home/elijahcmv/projects/robotarm/ros2_ws/install/share/my_arm_kinematics/my_arm_kinematics_plugin_description.xml
[0.089s] -- Up-to-date: /home/elijahcmv/projects/robotarm/ros2_ws/install/share/ament_index/resource_index/package_run_dependencies/my_arm_kinematics
[0.089s] -- Up-to-date: /home/elijahcmv/projects/robotarm/ros2_ws/install/share/ament_index/resource_index/parent_prefix_path/my_arm_kinematics
[0.089s] -- Up-to-date: /home/elijahcmv/projects/robotarm/ros2_ws/install/share/my_arm_kinematics/environment/ament_prefix_path.sh
[0.089s] -- Up-to-date: /home/elijahcmv/projects/robotarm/ros2_ws/install/share/my_arm_kinematics/environment/ament_prefix_path.dsv
[0.089s] -- Up-to-date: /home/elijahcmv/projects/robotarm/ros2_ws/install/share/my_arm_kinematics/environment/path.sh
[0.089s] -- Up-to-date: /home/elijahcmv/projects/robotarm/ros2_ws/install/share/my_arm_kinematics/environment/path.dsv
[0.090s] -- Up-to-date: /home/elijahcmv/projects/robotarm/ros2_ws/install/share/my_arm_kinematics/local_setup.bash
[0.090s] -- Up-to-date: /home/elijahcmv/projects/robotarm/ros2_ws/install/share/my_arm_kinematics/local_setup.sh
[0.091s] -- Up-to-date: /home/elijahcmv/projects/robotarm/ros2_ws/install/share/my_arm_kinematics/local_setup.zsh
[0.091s] -- Up-to-date: /home/elijahcmv/projects/robotarm/ros2_ws/install/share/my_arm_kinematics/local_setup.dsv
[0.091s] -- Installing: /home/elijahcmv/projects/robotarm/ros2_ws/install/share/my_arm_kinematics/package.dsv
[0.091s] -- Up-to-date: /home/elijahcmv/projects/robotarm/ros2_ws/install/share/ament_index/resource_index/packages/my_arm_kinematics
[0.091s] -- Up-to-date: /home/elijahcmv/projects/robotarm/ros2_ws/install/share/ament_index/resource_index/kinematics_base__pluginlib__plugin/my_arm_kinematics
[0.091s] -- Up-to-date: /home/elijahcmv/projects/robotarm/ros2_ws/install/share/my_arm_kinematics/cmake/my_arm_kinematicsConfig.cmake
[0.092s] -- Up-to-date: /home/elijahcmv/projects/robotarm/ros2_ws/install/share/my_arm_kinematics/cmake/my_arm_kinematicsConfig-version.cmake
[0.092s] -- Up-to-date: /home/elijahcmv/projects/robotarm/ros2_ws/install/share/my_arm_kinematics/package.xml
[0.095s] Invoked command in '/home/elijahcmv/projects/robotarm/ros2_ws/build/my_arm_kinematics' returned '0': CMAKE_PREFIX_PATH=${CMAKE_PREFIX_PATH}:/opt/ros/humble /usr/bin/cmake --install /home/elijahcmv/projects/robotarm/ros2_ws/build/my_arm_kinematics
