-- The C compiler identification is GNU 11.4.0
-- The CXX compiler identification is GNU 11.4.0
-- Detecting C compiler ABI info
-- Detecting C compiler ABI info - done
-- Check for working C compiler: /usr/bin/cc - skipped
-- Detecting C compile features
-- Detecting C compile features - done
-- Detecting CXX compiler ABI info
-- Detecting CXX compiler ABI info - done
-- Check for working CXX compiler: /usr/bin/c++ - skipped
-- Detecting CXX compile features
-- Detecting CXX compile features - done
-- Found ament_cmake: 1.3.12 (/opt/ros/humble/share/ament_cmake/cmake)
-- Found Python3: /usr/bin/python3 (found version "3.10.12") found components: Interpreter 
-- Found rclcpp: 16.0.16 (/opt/ros/humble/share/rclcpp/cmake)
-- Found rosidl_generator_c: 3.1.7 (/opt/ros/humble/share/rosidl_generator_c/cmake)
-- Found rosidl_adapter: 3.1.7 (/opt/ros/humble/share/rosidl_adapter/cmake)
-- Found rosidl_generator_cpp: 3.1.7 (/opt/ros/humble/share/rosidl_generator_cpp/cmake)
-- Using all available rosidl_typesupport_c: rosidl_typesupport_fastrtps_c;rosidl_typesupport_introspection_c
-- Using all available rosidl_typesupport_cpp: rosidl_typesupport_fastrtps_cpp;rosidl_typesupport_introspection_cpp
-- Found rmw_implementation_cmake: 6.1.2 (/opt/ros/humble/share/rmw_implementation_cmake/cmake)
-- Found rmw_fastrtps_cpp: 6.2.9 (/opt/ros/humble/share/rmw_fastrtps_cpp/cmake)
-- Found OpenSSL: /usr/lib/x86_64-linux-gnu/libcrypto.so (found version "3.0.2")  
-- Found FastRTPS: /opt/ros/humble/include  
-- Using RMW implementation 'rmw_fastrtps_cpp' as default
-- Looking for pthread.h
-- Looking for pthread.h - found
-- Performing Test CMAKE_HAVE_LIBC_PTHREAD
-- Performing Test CMAKE_HAVE_LIBC_PTHREAD - Success
-- Found Threads: TRUE  
-- Found moveit_core: 2.5.9 (/opt/ros/humble/share/moveit_core/cmake)
-- Found Boost: /usr/lib/x86_64-linux-gnu/cmake/Boost-1.74.0/BoostConfig.cmake (found version "1.74.0") found components: chrono date_time filesystem iostreams program_options regex serialization system thread 
-- Found parameter_traits: 0.5.0 (/opt/ros/humble/share/parameter_traits/cmake)
-- Found rclcpp_lifecycle: 16.0.16 (/opt/ros/humble/share/rclcpp_lifecycle/cmake)
-- Found Boost: /usr/lib/x86_64-linux-gnu/cmake/Boost-1.74.0/BoostConfig.cmake (found version "1.74.0") found components: filesystem 
-- library: /usr/lib/x86_64-linux-gnu/libcurl.so
-- Found Eigen3: TRUE (found version "3.4.0") 
-- Ensuring Eigen3 include directory is part of orocos-kdl CMake target
-- Found ament_lint_auto: 0.12.14 (/opt/ros/humble/share/ament_lint_auto/cmake)
-- Added test 'cppcheck' to perform static code analysis on C / C++ code
-- Configured cppcheck include dirs: /home/elijahcmv/projects/robotarm/ros2_ws/src/my_arm_kinematics/include
-- Configured cppcheck exclude dirs and/or files: 
-- Added test 'lint_cmake' to check CMake code style
-- Added test 'uncrustify' to check C / C++ code style
-- Configured uncrustify additional arguments: 
-- Added test 'xmllint' to check XML markup files
-- Configuring done
-- Generating done
-- Build files have been written to: /home/elijahcmv/projects/robotarm/ros2_ws/build/my_arm_kinematics
[ 50%] [32mBuilding CXX object CMakeFiles/my_arm_kinematics_plugin.dir/src/my_arm_kinematics_plugin.cpp.o[0m
[100%] [32m[1mLinking CXX shared library libmy_arm_kinematics_plugin.so[0m
[100%] Built target my_arm_kinematics_plugin
-- Install configuration: ""
-- Installing: /home/elijahcmv/projects/robotarm/ros2_ws/install/share/my_arm_kinematics/my_arm_kinematics_plugin_description.xml
-- Installing: /home/elijahcmv/projects/robotarm/ros2_ws/install/lib/libmy_arm_kinematics_plugin.so
-- Set runtime path of "/home/elijahcmv/projects/robotarm/ros2_ws/install/lib/libmy_arm_kinematics_plugin.so" to ""
-- Installing: /home/elijahcmv/projects/robotarm/ros2_ws/install/include
-- Installing: /home/elijahcmv/projects/robotarm/ros2_ws/install/include/my_arm_kinematics
-- Installing: /home/elijahcmv/projects/robotarm/ros2_ws/install/include/my_arm_kinematics/my_arm_kinematics_plugin.h
-- Up-to-date: /home/elijahcmv/projects/robotarm/ros2_ws/install/share/my_arm_kinematics/my_arm_kinematics_plugin_description.xml
-- Installing: /home/elijahcmv/projects/robotarm/ros2_ws/install/share/ament_index/resource_index/package_run_dependencies/my_arm_kinematics
-- Installing: /home/elijahcmv/projects/robotarm/ros2_ws/install/share/ament_index/resource_index/parent_prefix_path/my_arm_kinematics
-- Installing: /home/elijahcmv/projects/robotarm/ros2_ws/install/share/my_arm_kinematics/environment/ament_prefix_path.sh
-- Installing: /home/elijahcmv/projects/robotarm/ros2_ws/install/share/my_arm_kinematics/environment/ament_prefix_path.dsv
-- Installing: /home/elijahcmv/projects/robotarm/ros2_ws/install/share/my_arm_kinematics/environment/path.sh
-- Installing: /home/elijahcmv/projects/robotarm/ros2_ws/install/share/my_arm_kinematics/environment/path.dsv
-- Installing: /home/elijahcmv/projects/robotarm/ros2_ws/install/share/my_arm_kinematics/local_setup.bash
-- Installing: /home/elijahcmv/projects/robotarm/ros2_ws/install/share/my_arm_kinematics/local_setup.sh
-- Installing: /home/elijahcmv/projects/robotarm/ros2_ws/install/share/my_arm_kinematics/local_setup.zsh
-- Installing: /home/elijahcmv/projects/robotarm/ros2_ws/install/share/my_arm_kinematics/local_setup.dsv
-- Installing: /home/elijahcmv/projects/robotarm/ros2_ws/install/share/my_arm_kinematics/package.dsv
-- Installing: /home/elijahcmv/projects/robotarm/ros2_ws/install/share/ament_index/resource_index/packages/my_arm_kinematics
-- Installing: /home/elijahcmv/projects/robotarm/ros2_ws/install/share/ament_index/resource_index/kinematics_base__pluginlib__plugin/my_arm_kinematics
-- Installing: /home/elijahcmv/projects/robotarm/ros2_ws/install/share/my_arm_kinematics/cmake/my_arm_kinematicsConfig.cmake
-- Installing: /home/elijahcmv/projects/robotarm/ros2_ws/install/share/my_arm_kinematics/cmake/my_arm_kinematicsConfig-version.cmake
-- Installing: /home/elijahcmv/projects/robotarm/ros2_ws/install/share/my_arm_kinematics/package.xml
