[0.013s] Invoking command in '/home/elijahcmv/projects/robotarm/ros2_ws/build/my_arm_kinematics': CMAKE_PREFIX_PATH=${CMAKE_PREFIX_PATH}:/opt/ros/humble /usr/bin/cmake /home/elijahcmv/projects/robotarm/ros2_ws/src/my_arm_kinematics -DCMAKE_INSTALL_PREFIX=/home/elijahcmv/projects/robotarm/ros2_ws/install
[0.237s] -- The C compiler identification is GNU 11.4.0
[0.635s] -- The CXX compiler identification is GNU 11.4.0
[0.902s] -- Detecting C compiler ABI info
[1.012s] -- Detecting C compiler ABI info - done
[1.016s] -- Check for working C compiler: /usr/bin/cc - skipped
[1.018s] -- Detecting C compile features
[1.019s] -- Detecting C compile features - done
[1.022s] -- Detecting CXX compiler ABI info
[1.133s] -- Detecting CXX compiler ABI info - done
[1.138s] -- Check for working CXX compiler: /usr/bin/c++ - skipped
[1.138s] -- Detecting CXX compile features
[1.138s] -- Detecting CXX compile features - done
[1.148s] -- Found ament_cmake: 1.3.12 (/opt/ros/humble/share/ament_cmake/cmake)
[1.252s] -- Found Python3: /usr/bin/python3 (found version "3.10.12") found components: Interpreter 
[1.343s] -- Found rclcpp: 16.0.16 (/opt/ros/humble/share/rclcpp/cmake)
[1.502s] -- Found rosidl_generator_c: 3.1.7 (/opt/ros/humble/share/rosidl_generator_c/cmake)
[1.508s] -- Found rosidl_adapter: 3.1.7 (/opt/ros/humble/share/rosidl_adapter/cmake)
[1.518s] -- Found rosidl_generator_cpp: 3.1.7 (/opt/ros/humble/share/rosidl_generator_cpp/cmake)
[1.533s] -- Using all available rosidl_typesupport_c: rosidl_typesupport_fastrtps_c;rosidl_typesupport_introspection_c
[1.550s] -- Using all available rosidl_typesupport_cpp: rosidl_typesupport_fastrtps_cpp;rosidl_typesupport_introspection_cpp
[1.598s] -- Found rmw_implementation_cmake: 6.1.2 (/opt/ros/humble/share/rmw_implementation_cmake/cmake)
[1.601s] -- Found rmw_fastrtps_cpp: 6.2.9 (/opt/ros/humble/share/rmw_fastrtps_cpp/cmake)
[2.791s] -- Found OpenSSL: /usr/lib/x86_64-linux-gnu/libcrypto.so (found version "3.0.2")  
[3.944s] -- Found FastRTPS: /opt/ros/humble/include  
[6.032s] -- Using RMW implementation 'rmw_fastrtps_cpp' as default
[6.046s] -- Looking for pthread.h
[6.189s] -- Looking for pthread.h - found
[6.189s] -- Performing Test CMAKE_HAVE_LIBC_PTHREAD
[6.307s] -- Performing Test CMAKE_HAVE_LIBC_PTHREAD - Success
[6.308s] -- Found Threads: TRUE  
[6.363s] -- Found moveit_core: 2.5.9 (/opt/ros/humble/share/moveit_core/cmake)
[6.403s] -- Found Boost: /usr/lib/x86_64-linux-gnu/cmake/Boost-1.74.0/BoostConfig.cmake (found version "1.74.0") found components: chrono date_time filesystem iostreams program_options regex serialization system thread 
[7.506s] -- Found parameter_traits: 0.5.0 (/opt/ros/humble/share/parameter_traits/cmake)
[7.517s] -- Found rclcpp_lifecycle: 16.0.16 (/opt/ros/humble/share/rclcpp_lifecycle/cmake)
[7.543s] -- Found Boost: /usr/lib/x86_64-linux-gnu/cmake/Boost-1.74.0/BoostConfig.cmake (found version "1.74.0") found components: filesystem 
[8.660s] -- library: /usr/lib/x86_64-linux-gnu/libcurl.so
[8.754s] -- Found Eigen3: TRUE (found version "3.4.0") 
[8.754s] -- Ensuring Eigen3 include directory is part of orocos-kdl CMake target
[10.006s] -- Found ament_lint_auto: 0.12.14 (/opt/ros/humble/share/ament_lint_auto/cmake)
[10.065s] -- Added test 'cppcheck' to perform static code analysis on C / C++ code
[10.065s] -- Configured cppcheck include dirs: /home/elijahcmv/projects/robotarm/ros2_ws/src/my_arm_kinematics/include
[10.065s] -- Configured cppcheck exclude dirs and/or files: 
[10.066s] -- Added test 'lint_cmake' to check CMake code style
[10.067s] -- Added test 'uncrustify' to check C / C++ code style
[10.067s] -- Configured uncrustify additional arguments: 
[10.067s] -- Added test 'xmllint' to check XML markup files
[10.068s] -- Configuring done
[10.104s] -- Generating done
[10.108s] -- Build files have been written to: /home/elijahcmv/projects/robotarm/ros2_ws/build/my_arm_kinematics
[10.118s] Invoked command in '/home/elijahcmv/projects/robotarm/ros2_ws/build/my_arm_kinematics' returned '0': CMAKE_PREFIX_PATH=${CMAKE_PREFIX_PATH}:/opt/ros/humble /usr/bin/cmake /home/elijahcmv/projects/robotarm/ros2_ws/src/my_arm_kinematics -DCMAKE_INSTALL_PREFIX=/home/elijahcmv/projects/robotarm/ros2_ws/install
[10.120s] Invoking command in '/home/elijahcmv/projects/robotarm/ros2_ws/build/my_arm_kinematics': CMAKE_PREFIX_PATH=${CMAKE_PREFIX_PATH}:/opt/ros/humble /usr/bin/cmake --build /home/elijahcmv/projects/robotarm/ros2_ws/build/my_arm_kinematics -- -j16 -l16
[10.155s] [ 50%] [32mBuilding CXX object CMakeFiles/my_arm_kinematics_plugin.dir/src/my_arm_kinematics_plugin.cpp.o[0m
[16.904s] [100%] [32m[1mLinking CXX shared library libmy_arm_kinematics_plugin.so[0m
[17.314s] [100%] Built target my_arm_kinematics_plugin
[17.324s] Invoked command in '/home/elijahcmv/projects/robotarm/ros2_ws/build/my_arm_kinematics' returned '0': CMAKE_PREFIX_PATH=${CMAKE_PREFIX_PATH}:/opt/ros/humble /usr/bin/cmake --build /home/elijahcmv/projects/robotarm/ros2_ws/build/my_arm_kinematics -- -j16 -l16
[17.325s] Invoking command in '/home/elijahcmv/projects/robotarm/ros2_ws/build/my_arm_kinematics': CMAKE_PREFIX_PATH=${CMAKE_PREFIX_PATH}:/opt/ros/humble /usr/bin/cmake --install /home/elijahcmv/projects/robotarm/ros2_ws/build/my_arm_kinematics
[17.331s] -- Install configuration: ""
[17.332s] -- Installing: /home/elijahcmv/projects/robotarm/ros2_ws/install/share/my_arm_kinematics/my_arm_kinematics_plugin_description.xml
[17.333s] -- Installing: /home/elijahcmv/projects/robotarm/ros2_ws/install/lib/libmy_arm_kinematics_plugin.so
[17.333s] -- Set runtime path of "/home/elijahcmv/projects/robotarm/ros2_ws/install/lib/libmy_arm_kinematics_plugin.so" to ""
[17.333s] -- Installing: /home/elijahcmv/projects/robotarm/ros2_ws/install/include
[17.333s] -- Installing: /home/elijahcmv/projects/robotarm/ros2_ws/install/include/my_arm_kinematics
[17.334s] -- Installing: /home/elijahcmv/projects/robotarm/ros2_ws/install/include/my_arm_kinematics/my_arm_kinematics_plugin.h
[17.334s] -- Up-to-date: /home/elijahcmv/projects/robotarm/ros2_ws/install/share/my_arm_kinematics/my_arm_kinematics_plugin_description.xml
[17.334s] -- Installing: /home/elijahcmv/projects/robotarm/ros2_ws/install/share/ament_index/resource_index/package_run_dependencies/my_arm_kinematics
[17.334s] -- Installing: /home/elijahcmv/projects/robotarm/ros2_ws/install/share/ament_index/resource_index/parent_prefix_path/my_arm_kinematics
[17.334s] -- Installing: /home/elijahcmv/projects/robotarm/ros2_ws/install/share/my_arm_kinematics/environment/ament_prefix_path.sh
[17.334s] -- Installing: /home/elijahcmv/projects/robotarm/ros2_ws/install/share/my_arm_kinematics/environment/ament_prefix_path.dsv
[17.334s] -- Installing: /home/elijahcmv/projects/robotarm/ros2_ws/install/share/my_arm_kinematics/environment/path.sh
[17.334s] -- Installing: /home/elijahcmv/projects/robotarm/ros2_ws/install/share/my_arm_kinematics/environment/path.dsv
[17.335s] -- Installing: /home/elijahcmv/projects/robotarm/ros2_ws/install/share/my_arm_kinematics/local_setup.bash
[17.335s] -- Installing: /home/elijahcmv/projects/robotarm/ros2_ws/install/share/my_arm_kinematics/local_setup.sh
[17.335s] -- Installing: /home/elijahcmv/projects/robotarm/ros2_ws/install/share/my_arm_kinematics/local_setup.zsh
[17.335s] -- Installing: /home/elijahcmv/projects/robotarm/ros2_ws/install/share/my_arm_kinematics/local_setup.dsv
[17.335s] -- Installing: /home/elijahcmv/projects/robotarm/ros2_ws/install/share/my_arm_kinematics/package.dsv
[17.335s] -- Installing: /home/elijahcmv/projects/robotarm/ros2_ws/install/share/ament_index/resource_index/packages/my_arm_kinematics
[17.335s] -- Installing: /home/elijahcmv/projects/robotarm/ros2_ws/install/share/ament_index/resource_index/kinematics_base__pluginlib__plugin/my_arm_kinematics
[17.336s] -- Installing: /home/elijahcmv/projects/robotarm/ros2_ws/install/share/my_arm_kinematics/cmake/my_arm_kinematicsConfig.cmake
[17.336s] -- Installing: /home/elijahcmv/projects/robotarm/ros2_ws/install/share/my_arm_kinematics/cmake/my_arm_kinematicsConfig-version.cmake
[17.336s] -- Installing: /home/elijahcmv/projects/robotarm/ros2_ws/install/share/my_arm_kinematics/package.xml
[17.338s] Invoked command in '/home/elijahcmv/projects/robotarm/ros2_ws/build/my_arm_kinematics' returned '0': CMAKE_PREFIX_PATH=${CMAKE_PREFIX_PATH}:/opt/ros/humble /usr/bin/cmake --install /home/elijahcmv/projects/robotarm/ros2_ws/build/my_arm_kinematics
