[0.019s] Invoking command in '/home/elijahcmv/projects/robotarm/ros2_ws/build/my_arm_description': CMAKE_PREFIX_PATH=${CMAKE_PREFIX_PATH}:/opt/ros/humble /usr/bin/cmake /home/elijahcmv/projects/robotarm/ros2_ws/src/my_arm_description -DCMAKE_INSTALL_PREFIX=/home/elijahcmv/projects/robotarm/ros2_ws/install
[0.248s] -- The C compiler identification is GNU 11.4.0
[0.646s] -- The CXX compiler identification is GNU 11.4.0
[0.919s] -- Detecting C compiler ABI info
[1.023s] -- Detecting C compiler ABI info - done
[1.028s] -- Check for working C compiler: /usr/bin/cc - skipped
[1.028s] -- Detecting C compile features
[1.030s] -- Detecting C compile features - done
[1.033s] -- Detecting CXX compiler ABI info
[1.144s] -- Detecting CXX compiler ABI info - done
[1.149s] -- Check for working CXX compiler: /usr/bin/c++ - skipped
[1.149s] -- Detecting CXX compile features
[1.149s] -- Detecting CXX compile features - done
[1.159s] -- Found ament_cmake: 1.3.12 (/opt/ros/humble/share/ament_cmake/cmake)
[1.263s] -- Found Python3: /usr/bin/python3 (found version "3.10.12") found components: Interpreter 
[1.352s] -- Found ament_lint_auto: 0.12.14 (/opt/ros/humble/share/ament_lint_auto/cmake)
[1.419s] -- Added test 'flake8' to check Python code syntax and style conventions
[1.420s] -- Added test 'lint_cmake' to check CMake code style
[1.420s] -- Added test 'pep257' to check Python code against some of the docstring style conventions in PEP 257
[1.422s] -- Added test 'xmllint' to check XML markup files
[1.424s] -- Configuring done
[1.427s] -- Generating done
[1.428s] -- Build files have been written to: /home/elijahcmv/projects/robotarm/ros2_ws/build/my_arm_description
[1.432s] Invoked command in '/home/elijahcmv/projects/robotarm/ros2_ws/build/my_arm_description' returned '0': CMAKE_PREFIX_PATH=${CMAKE_PREFIX_PATH}:/opt/ros/humble /usr/bin/cmake /home/elijahcmv/projects/robotarm/ros2_ws/src/my_arm_description -DCMAKE_INSTALL_PREFIX=/home/elijahcmv/projects/robotarm/ros2_ws/install
[1.433s] Invoking command in '/home/elijahcmv/projects/robotarm/ros2_ws/build/my_arm_description': CMAKE_PREFIX_PATH=${CMAKE_PREFIX_PATH}:/opt/ros/humble /usr/bin/cmake --build /home/elijahcmv/projects/robotarm/ros2_ws/build/my_arm_description -- -j16 -l16
[1.460s] Invoked command in '/home/elijahcmv/projects/robotarm/ros2_ws/build/my_arm_description' returned '0': CMAKE_PREFIX_PATH=${CMAKE_PREFIX_PATH}:/opt/ros/humble /usr/bin/cmake --build /home/elijahcmv/projects/robotarm/ros2_ws/build/my_arm_description -- -j16 -l16
[1.466s] Invoking command in '/home/elijahcmv/projects/robotarm/ros2_ws/build/my_arm_description': CMAKE_PREFIX_PATH=${CMAKE_PREFIX_PATH}:/opt/ros/humble /usr/bin/cmake --install /home/elijahcmv/projects/robotarm/ros2_ws/build/my_arm_description
[1.471s] -- Install configuration: ""
[1.472s] -- Installing: /home/elijahcmv/projects/robotarm/ros2_ws/install/share/ament_index/resource_index/package_run_dependencies/my_arm_description
[1.472s] -- Installing: /home/elijahcmv/projects/robotarm/ros2_ws/install/share/ament_index/resource_index/parent_prefix_path/my_arm_description
[1.472s] -- Installing: /home/elijahcmv/projects/robotarm/ros2_ws/install/share/my_arm_description/environment/ament_prefix_path.sh
[1.472s] -- Installing: /home/elijahcmv/projects/robotarm/ros2_ws/install/share/my_arm_description/environment/ament_prefix_path.dsv
[1.473s] -- Installing: /home/elijahcmv/projects/robotarm/ros2_ws/install/share/my_arm_description/environment/path.sh
[1.473s] -- Installing: /home/elijahcmv/projects/robotarm/ros2_ws/install/share/my_arm_description/environment/path.dsv
[1.473s] -- Installing: /home/elijahcmv/projects/robotarm/ros2_ws/install/share/my_arm_description/local_setup.bash
[1.473s] -- Installing: /home/elijahcmv/projects/robotarm/ros2_ws/install/share/my_arm_description/local_setup.sh
[1.473s] -- Installing: /home/elijahcmv/projects/robotarm/ros2_ws/install/share/my_arm_description/local_setup.zsh
[1.473s] -- Installing: /home/elijahcmv/projects/robotarm/ros2_ws/install/share/my_arm_description/local_setup.dsv
[1.473s] -- Installing: /home/elijahcmv/projects/robotarm/ros2_ws/install/share/my_arm_description/package.dsv
[1.474s] -- Installing: /home/elijahcmv/projects/robotarm/ros2_ws/install/share/ament_index/resource_index/packages/my_arm_description
[1.474s] -- Installing: /home/elijahcmv/projects/robotarm/ros2_ws/install/share/my_arm_description/cmake/my_arm_descriptionConfig.cmake
[1.474s] -- Installing: /home/elijahcmv/projects/robotarm/ros2_ws/install/share/my_arm_description/cmake/my_arm_descriptionConfig-version.cmake
[1.474s] -- Installing: /home/elijahcmv/projects/robotarm/ros2_ws/install/share/my_arm_description/package.xml
[1.474s] -- Installing: /home/elijahcmv/projects/robotarm/ros2_ws/install/share/my_arm_description/launch
[1.474s] -- Installing: /home/elijahcmv/projects/robotarm/ros2_ws/install/share/my_arm_description/launch/view_my_arm.launch.py
[1.475s] -- Installing: /home/elijahcmv/projects/robotarm/ros2_ws/install/share/my_arm_description/launch/display.launch.py
[1.475s] -- Installing: /home/elijahcmv/projects/robotarm/ros2_ws/install/share/my_arm_description/urdf
[1.475s] -- Installing: /home/elijahcmv/projects/robotarm/ros2_ws/install/share/my_arm_description/urdf/my_arm.urdf.xacro
[1.475s] -- Installing: /home/elijahcmv/projects/robotarm/ros2_ws/install/share/my_arm_description/urdf/my_arm.urdf.xacro.with_linkages_backup.with_linkages
[1.476s] -- Installing: /home/elijahcmv/projects/robotarm/ros2_ws/install/share/my_arm_description/urdf/my_arm.urdf.xacro.with_linkages
[1.476s] -- Installing: /home/elijahcmv/projects/robotarm/ros2_ws/install/share/my_arm_description/meshes
[1.476s] -- Installing: /home/elijahcmv/projects/robotarm/ros2_ws/install/share/my_arm_description/meshes/left_finger.stl
[1.477s] -- Installing: /home/elijahcmv/projects/robotarm/ros2_ws/install/share/my_arm_description/meshes/rotating_base.stl
[1.480s] -- Installing: /home/elijahcmv/projects/robotarm/ros2_ws/install/share/my_arm_description/meshes/right_finger.stl
[1.481s] -- Installing: /home/elijahcmv/projects/robotarm/ros2_ws/install/share/my_arm_description/meshes/link135_left.stl
[1.482s] -- Installing: /home/elijahcmv/projects/robotarm/ros2_ws/install/share/my_arm_description/meshes/upper_arm_link.stl
[1.483s] -- Installing: /home/elijahcmv/projects/robotarm/ros2_ws/install/share/my_arm_description/meshes/base_link.stl
[1.485s] -- Installing: /home/elijahcmv/projects/robotarm/ros2_ws/install/share/my_arm_description/meshes/trialinkfront.stl
[1.486s] -- Installing: /home/elijahcmv/projects/robotarm/ros2_ws/install/share/my_arm_description/meshes/trialink.stl
[1.489s] -- Installing: /home/elijahcmv/projects/robotarm/ros2_ws/install/share/my_arm_description/meshes/forearm_link.stl
[1.491s] -- Installing: /home/elijahcmv/projects/robotarm/ros2_ws/install/share/my_arm_description/meshes/link147.stl
[1.492s] -- Installing: /home/elijahcmv/projects/robotarm/ros2_ws/install/share/my_arm_description/meshes/link135_right.stl
[1.493s] -- Installing: /home/elijahcmv/projects/robotarm/ros2_ws/install/share/my_arm_description/meshes/VArm.stl
[1.494s] -- Installing: /home/elijahcmv/projects/robotarm/ros2_ws/install/share/my_arm_description/meshes/wrist_link.stl
[1.496s] Invoked command in '/home/elijahcmv/projects/robotarm/ros2_ws/build/my_arm_description' returned '0': CMAKE_PREFIX_PATH=${CMAKE_PREFIX_PATH}:/opt/ros/humble /usr/bin/cmake --install /home/elijahcmv/projects/robotarm/ros2_ws/build/my_arm_description
