[0.286s] DEBUG:colcon:Command line arguments: ['/usr/bin/colcon', 'build', '--merge-install']
[0.286s] DEBUG:colcon:Parsed command line arguments: Namespace(log_base=None, log_level=None, verb_name='build', build_base='build', install_base='install', merge_install=True, symlink_install=False, test_result_base=None, continue_on_error=False, executor='parallel', parallel_workers=16, event_handlers=None, ignore_user_meta=False, metas=['./colcon.meta'], base_paths=['.'], packages_ignore=None, packages_ignore_regex=None, paths=None, packages_up_to=None, packages_up_to_regex=None, packages_above=None, packages_above_and_dependencies=None, packages_above_depth=None, packages_select_by_dep=None, packages_skip_by_dep=None, packages_skip_up_to=None, packages_select_build_failed=False, packages_skip_build_finished=False, packages_select_test_failures=False, packages_skip_test_passed=False, packages_select=None, packages_skip=None, packages_select_regex=None, packages_skip_regex=None, packages_start=None, packages_end=None, allow_overriding=[], cmake_args=None, cmake_target=None, cmake_target_skip_unavailable=False, cmake_clean_cache=False, cmake_clean_first=False, cmake_force_configure=False, ament_cmake_args=None, catkin_cmake_args=None, catkin_skip_building_tests=False, mixin_files=None, mixin=None, verb_parser=<colcon_mixin.mixin.mixin_argument.MixinArgumentDecorator object at 0x7317ca835750>, verb_extension=<colcon_core.verb.build.BuildVerb object at 0x7317ca94e590>, main=<bound method BuildVerb.main of <colcon_core.verb.build.BuildVerb object at 0x7317ca94e590>>, mixin_verb=('build',))
[0.505s] Level 1:colcon.colcon_core.package_discovery:discover_packages(colcon_meta) check parameters
[0.506s] Level 1:colcon.colcon_core.package_discovery:discover_packages(recursive) check parameters
[0.506s] Level 1:colcon.colcon_core.package_discovery:discover_packages(ignore) check parameters
[0.506s] Level 1:colcon.colcon_core.package_discovery:discover_packages(path) check parameters
[0.506s] Level 1:colcon.colcon_core.package_discovery:discover_packages(colcon_meta) discover
[0.506s] Level 1:colcon.colcon_core.package_discovery:discover_packages(recursive) discover
[0.506s] INFO:colcon.colcon_core.package_discovery:Crawling recursively for packages in '/home/elijahcmv/projects/robotarm/ros2_ws'
[0.506s] Level 1:colcon.colcon_core.package_identification:_identify(.) by extensions ['ignore', 'ignore_ament_install']
[0.506s] Level 1:colcon.colcon_core.package_identification:_identify(.) by extension 'ignore'
[0.506s] Level 1:colcon.colcon_core.package_identification:_identify(.) by extension 'ignore_ament_install'
[0.506s] Level 1:colcon.colcon_core.package_identification:_identify(.) by extensions ['colcon_pkg']
[0.506s] Level 1:colcon.colcon_core.package_identification:_identify(.) by extension 'colcon_pkg'
[0.506s] Level 1:colcon.colcon_core.package_identification:_identify(.) by extensions ['colcon_meta']
[0.506s] Level 1:colcon.colcon_core.package_identification:_identify(.) by extension 'colcon_meta'
[0.506s] Level 1:colcon.colcon_core.package_identification:_identify(.) by extensions ['ros']
[0.506s] Level 1:colcon.colcon_core.package_identification:_identify(.) by extension 'ros'
[0.518s] Level 1:colcon.colcon_core.package_identification:_identify(.) by extensions ['cmake', 'python']
[0.518s] Level 1:colcon.colcon_core.package_identification:_identify(.) by extension 'cmake'
[0.518s] Level 1:colcon.colcon_core.package_identification:_identify(.) by extension 'python'
[0.518s] Level 1:colcon.colcon_core.package_identification:_identify(.) by extensions ['python_setup_py']
[0.518s] Level 1:colcon.colcon_core.package_identification:_identify(.) by extension 'python_setup_py'
[0.518s] Level 1:colcon.colcon_core.package_identification:_identify(build) by extensions ['ignore', 'ignore_ament_install']
[0.518s] Level 1:colcon.colcon_core.package_identification:_identify(build) by extension 'ignore'
[0.518s] Level 1:colcon.colcon_core.package_identification:_identify(build) ignored
[0.518s] Level 1:colcon.colcon_core.package_identification:_identify(install) by extensions ['ignore', 'ignore_ament_install']
[0.518s] Level 1:colcon.colcon_core.package_identification:_identify(install) by extension 'ignore'
[0.518s] Level 1:colcon.colcon_core.package_identification:_identify(install) ignored
[0.518s] Level 1:colcon.colcon_core.package_identification:_identify(log) by extensions ['ignore', 'ignore_ament_install']
[0.518s] Level 1:colcon.colcon_core.package_identification:_identify(log) by extension 'ignore'
[0.518s] Level 1:colcon.colcon_core.package_identification:_identify(log) ignored
[0.519s] Level 1:colcon.colcon_core.package_identification:_identify(src) by extensions ['ignore', 'ignore_ament_install']
[0.519s] Level 1:colcon.colcon_core.package_identification:_identify(src) by extension 'ignore'
[0.519s] Level 1:colcon.colcon_core.package_identification:_identify(src) by extension 'ignore_ament_install'
[0.519s] Level 1:colcon.colcon_core.package_identification:_identify(src) by extensions ['colcon_pkg']
[0.519s] Level 1:colcon.colcon_core.package_identification:_identify(src) by extension 'colcon_pkg'
[0.519s] Level 1:colcon.colcon_core.package_identification:_identify(src) by extensions ['colcon_meta']
[0.519s] Level 1:colcon.colcon_core.package_identification:_identify(src) by extension 'colcon_meta'
[0.519s] Level 1:colcon.colcon_core.package_identification:_identify(src) by extensions ['ros']
[0.519s] Level 1:colcon.colcon_core.package_identification:_identify(src) by extension 'ros'
[0.519s] Level 1:colcon.colcon_core.package_identification:_identify(src) by extensions ['cmake', 'python']
[0.519s] Level 1:colcon.colcon_core.package_identification:_identify(src) by extension 'cmake'
[0.519s] Level 1:colcon.colcon_core.package_identification:_identify(src) by extension 'python'
[0.519s] Level 1:colcon.colcon_core.package_identification:_identify(src) by extensions ['python_setup_py']
[0.519s] Level 1:colcon.colcon_core.package_identification:_identify(src) by extension 'python_setup_py'
[0.520s] Level 1:colcon.colcon_core.package_identification:_identify(src/my_arm_description) by extensions ['ignore', 'ignore_ament_install']
[0.520s] Level 1:colcon.colcon_core.package_identification:_identify(src/my_arm_description) by extension 'ignore'
[0.520s] Level 1:colcon.colcon_core.package_identification:_identify(src/my_arm_description) by extension 'ignore_ament_install'
[0.520s] Level 1:colcon.colcon_core.package_identification:_identify(src/my_arm_description) by extensions ['colcon_pkg']
[0.520s] Level 1:colcon.colcon_core.package_identification:_identify(src/my_arm_description) by extension 'colcon_pkg'
[0.520s] Level 1:colcon.colcon_core.package_identification:_identify(src/my_arm_description) by extensions ['colcon_meta']
[0.520s] Level 1:colcon.colcon_core.package_identification:_identify(src/my_arm_description) by extension 'colcon_meta'
[0.520s] Level 1:colcon.colcon_core.package_identification:_identify(src/my_arm_description) by extensions ['ros']
[0.520s] Level 1:colcon.colcon_core.package_identification:_identify(src/my_arm_description) by extension 'ros'
[0.522s] DEBUG:colcon.colcon_core.package_identification:Package 'src/my_arm_description' with type 'ros.ament_cmake' and name 'my_arm_description'
[0.523s] Level 1:colcon.colcon_core.package_identification:_identify(src/my_arm_kinematics) by extensions ['ignore', 'ignore_ament_install']
[0.523s] Level 1:colcon.colcon_core.package_identification:_identify(src/my_arm_kinematics) by extension 'ignore'
[0.523s] Level 1:colcon.colcon_core.package_identification:_identify(src/my_arm_kinematics) by extension 'ignore_ament_install'
[0.523s] Level 1:colcon.colcon_core.package_identification:_identify(src/my_arm_kinematics) by extensions ['colcon_pkg']
[0.523s] Level 1:colcon.colcon_core.package_identification:_identify(src/my_arm_kinematics) by extension 'colcon_pkg'
[0.523s] Level 1:colcon.colcon_core.package_identification:_identify(src/my_arm_kinematics) by extensions ['colcon_meta']
[0.523s] Level 1:colcon.colcon_core.package_identification:_identify(src/my_arm_kinematics) by extension 'colcon_meta'
[0.523s] Level 1:colcon.colcon_core.package_identification:_identify(src/my_arm_kinematics) by extensions ['ros']
[0.523s] Level 1:colcon.colcon_core.package_identification:_identify(src/my_arm_kinematics) by extension 'ros'
[0.524s] DEBUG:colcon.colcon_core.package_identification:Package 'src/my_arm_kinematics' with type 'ros.ament_cmake' and name 'my_arm_kinematics'
[0.524s] Level 1:colcon.colcon_core.package_identification:_identify(src/my_arm_moveit_config) by extensions ['ignore', 'ignore_ament_install']
[0.524s] Level 1:colcon.colcon_core.package_identification:_identify(src/my_arm_moveit_config) by extension 'ignore'
[0.524s] Level 1:colcon.colcon_core.package_identification:_identify(src/my_arm_moveit_config) by extension 'ignore_ament_install'
[0.524s] Level 1:colcon.colcon_core.package_identification:_identify(src/my_arm_moveit_config) by extensions ['colcon_pkg']
[0.524s] Level 1:colcon.colcon_core.package_identification:_identify(src/my_arm_moveit_config) by extension 'colcon_pkg'
[0.524s] Level 1:colcon.colcon_core.package_identification:_identify(src/my_arm_moveit_config) by extensions ['colcon_meta']
[0.524s] Level 1:colcon.colcon_core.package_identification:_identify(src/my_arm_moveit_config) by extension 'colcon_meta'
[0.524s] Level 1:colcon.colcon_core.package_identification:_identify(src/my_arm_moveit_config) by extensions ['ros']
[0.524s] Level 1:colcon.colcon_core.package_identification:_identify(src/my_arm_moveit_config) by extension 'ros'
[0.525s] DEBUG:colcon.colcon_core.package_identification:Package 'src/my_arm_moveit_config' with type 'ros.ament_cmake' and name 'my_arm_moveit_config'
[0.525s] Level 1:colcon.colcon_core.package_discovery:discover_packages(recursive) using defaults
[0.525s] Level 1:colcon.colcon_core.package_discovery:discover_packages(ignore) discover
[0.525s] Level 1:colcon.colcon_core.package_discovery:discover_packages(ignore) using defaults
[0.525s] Level 1:colcon.colcon_core.package_discovery:discover_packages(path) discover
[0.525s] Level 1:colcon.colcon_core.package_discovery:discover_packages(path) using defaults
[0.555s] Level 1:colcon.colcon_core.package_discovery:discover_packages(prefix_path) check parameters
[0.555s] Level 1:colcon.colcon_core.package_discovery:discover_packages(prefix_path) discover
[0.558s] WARNING:colcon.colcon_ros.prefix_path.ament:The path '/home/elijahcmv/projects/robotarm/ros2_ws/install' in the environment variable AMENT_PREFIX_PATH doesn't contain any 'local_setup.*' files.
[0.559s] DEBUG:colcon.colcon_installed_package_information.package_discovery:Found 0 installed packages in /home/elijahcmv/projects/robotarm/ros2_ws/install
[0.560s] DEBUG:colcon.colcon_installed_package_information.package_discovery:Found 356 installed packages in /opt/ros/humble
[0.561s] Level 1:colcon.colcon_core.package_discovery:discover_packages(prefix_path) using defaults
[0.592s] Level 5:colcon.colcon_core.verb:set package 'my_arm_description' build argument 'cmake_args' from command line to 'None'
[0.592s] Level 5:colcon.colcon_core.verb:set package 'my_arm_description' build argument 'cmake_target' from command line to 'None'
[0.592s] Level 5:colcon.colcon_core.verb:set package 'my_arm_description' build argument 'cmake_target_skip_unavailable' from command line to 'False'
[0.592s] Level 5:colcon.colcon_core.verb:set package 'my_arm_description' build argument 'cmake_clean_cache' from command line to 'False'
[0.592s] Level 5:colcon.colcon_core.verb:set package 'my_arm_description' build argument 'cmake_clean_first' from command line to 'False'
[0.592s] Level 5:colcon.colcon_core.verb:set package 'my_arm_description' build argument 'cmake_force_configure' from command line to 'False'
[0.592s] Level 5:colcon.colcon_core.verb:set package 'my_arm_description' build argument 'ament_cmake_args' from command line to 'None'
[0.592s] Level 5:colcon.colcon_core.verb:set package 'my_arm_description' build argument 'catkin_cmake_args' from command line to 'None'
[0.592s] Level 5:colcon.colcon_core.verb:set package 'my_arm_description' build argument 'catkin_skip_building_tests' from command line to 'False'
[0.592s] DEBUG:colcon.colcon_core.verb:Building package 'my_arm_description' with the following arguments: {'ament_cmake_args': None, 'build_base': '/home/elijahcmv/projects/robotarm/ros2_ws/build/my_arm_description', 'catkin_cmake_args': None, 'catkin_skip_building_tests': False, 'cmake_args': None, 'cmake_clean_cache': False, 'cmake_clean_first': False, 'cmake_force_configure': False, 'cmake_target': None, 'cmake_target_skip_unavailable': False, 'install_base': '/home/elijahcmv/projects/robotarm/ros2_ws/install', 'merge_install': True, 'path': '/home/elijahcmv/projects/robotarm/ros2_ws/src/my_arm_description', 'symlink_install': False, 'test_result_base': None}
[0.593s] Level 5:colcon.colcon_core.verb:set package 'my_arm_kinematics' build argument 'cmake_args' from command line to 'None'
[0.593s] Level 5:colcon.colcon_core.verb:set package 'my_arm_kinematics' build argument 'cmake_target' from command line to 'None'
[0.593s] Level 5:colcon.colcon_core.verb:set package 'my_arm_kinematics' build argument 'cmake_target_skip_unavailable' from command line to 'False'
[0.593s] Level 5:colcon.colcon_core.verb:set package 'my_arm_kinematics' build argument 'cmake_clean_cache' from command line to 'False'
[0.593s] Level 5:colcon.colcon_core.verb:set package 'my_arm_kinematics' build argument 'cmake_clean_first' from command line to 'False'
[0.593s] Level 5:colcon.colcon_core.verb:set package 'my_arm_kinematics' build argument 'cmake_force_configure' from command line to 'False'
[0.593s] Level 5:colcon.colcon_core.verb:set package 'my_arm_kinematics' build argument 'ament_cmake_args' from command line to 'None'
[0.593s] Level 5:colcon.colcon_core.verb:set package 'my_arm_kinematics' build argument 'catkin_cmake_args' from command line to 'None'
[0.593s] Level 5:colcon.colcon_core.verb:set package 'my_arm_kinematics' build argument 'catkin_skip_building_tests' from command line to 'False'
[0.593s] DEBUG:colcon.colcon_core.verb:Building package 'my_arm_kinematics' with the following arguments: {'ament_cmake_args': None, 'build_base': '/home/elijahcmv/projects/robotarm/ros2_ws/build/my_arm_kinematics', 'catkin_cmake_args': None, 'catkin_skip_building_tests': False, 'cmake_args': None, 'cmake_clean_cache': False, 'cmake_clean_first': False, 'cmake_force_configure': False, 'cmake_target': None, 'cmake_target_skip_unavailable': False, 'install_base': '/home/elijahcmv/projects/robotarm/ros2_ws/install', 'merge_install': True, 'path': '/home/elijahcmv/projects/robotarm/ros2_ws/src/my_arm_kinematics', 'symlink_install': False, 'test_result_base': None}
[0.593s] Level 5:colcon.colcon_core.verb:set package 'my_arm_moveit_config' build argument 'cmake_args' from command line to 'None'
[0.593s] Level 5:colcon.colcon_core.verb:set package 'my_arm_moveit_config' build argument 'cmake_target' from command line to 'None'
[0.593s] Level 5:colcon.colcon_core.verb:set package 'my_arm_moveit_config' build argument 'cmake_target_skip_unavailable' from command line to 'False'
[0.593s] Level 5:colcon.colcon_core.verb:set package 'my_arm_moveit_config' build argument 'cmake_clean_cache' from command line to 'False'
[0.593s] Level 5:colcon.colcon_core.verb:set package 'my_arm_moveit_config' build argument 'cmake_clean_first' from command line to 'False'
[0.593s] Level 5:colcon.colcon_core.verb:set package 'my_arm_moveit_config' build argument 'cmake_force_configure' from command line to 'False'
[0.593s] Level 5:colcon.colcon_core.verb:set package 'my_arm_moveit_config' build argument 'ament_cmake_args' from command line to 'None'
[0.593s] Level 5:colcon.colcon_core.verb:set package 'my_arm_moveit_config' build argument 'catkin_cmake_args' from command line to 'None'
[0.593s] Level 5:colcon.colcon_core.verb:set package 'my_arm_moveit_config' build argument 'catkin_skip_building_tests' from command line to 'False'
[0.593s] DEBUG:colcon.colcon_core.verb:Building package 'my_arm_moveit_config' with the following arguments: {'ament_cmake_args': None, 'build_base': '/home/elijahcmv/projects/robotarm/ros2_ws/build/my_arm_moveit_config', 'catkin_cmake_args': None, 'catkin_skip_building_tests': False, 'cmake_args': None, 'cmake_clean_cache': False, 'cmake_clean_first': False, 'cmake_force_configure': False, 'cmake_target': None, 'cmake_target_skip_unavailable': False, 'install_base': '/home/elijahcmv/projects/robotarm/ros2_ws/install', 'merge_install': True, 'path': '/home/elijahcmv/projects/robotarm/ros2_ws/src/my_arm_moveit_config', 'symlink_install': False, 'test_result_base': None}
[0.593s] INFO:colcon.colcon_core.executor:Executing jobs using 'parallel' executor
[0.594s] DEBUG:colcon.colcon_parallel_executor.executor.parallel:run_until_complete
[0.594s] INFO:colcon.colcon_ros.task.ament_cmake.build:Building ROS package in '/home/elijahcmv/projects/robotarm/ros2_ws/src/my_arm_description' with build type 'ament_cmake'
[0.594s] INFO:colcon.colcon_cmake.task.cmake.build:Building CMake package in '/home/elijahcmv/projects/robotarm/ros2_ws/src/my_arm_description'
[0.601s] INFO:colcon.colcon_core.plugin_system:Skipping extension 'colcon_core.shell.bat': Not used on non-Windows systems
[0.601s] INFO:colcon.colcon_core.shell:Skip shell extension 'powershell' for command environment: Not usable outside of PowerShell
[0.601s] DEBUG:colcon.colcon_core.shell:Skip shell extension 'dsv' for command environment
[0.605s] INFO:colcon.colcon_ros.task.ament_cmake.build:Building ROS package in '/home/elijahcmv/projects/robotarm/ros2_ws/src/my_arm_kinematics' with build type 'ament_cmake'
[0.605s] INFO:colcon.colcon_cmake.task.cmake.build:Building CMake package in '/home/elijahcmv/projects/robotarm/ros2_ws/src/my_arm_kinematics'
[0.605s] INFO:colcon.colcon_core.shell:Skip shell extension 'powershell' for command environment: Not usable outside of PowerShell
[0.605s] DEBUG:colcon.colcon_core.shell:Skip shell extension 'dsv' for command environment
[0.614s] DEBUG:colcon.colcon_core.event_handler.log_command:Invoking command in '/home/elijahcmv/projects/robotarm/ros2_ws/build/my_arm_description': CMAKE_PREFIX_PATH=${CMAKE_PREFIX_PATH}:/opt/ros/humble /usr/bin/cmake /home/elijahcmv/projects/robotarm/ros2_ws/src/my_arm_description -DCMAKE_INSTALL_PREFIX=/home/elijahcmv/projects/robotarm/ros2_ws/install
[0.619s] DEBUG:colcon.colcon_core.event_handler.log_command:Invoking command in '/home/elijahcmv/projects/robotarm/ros2_ws/build/my_arm_kinematics': CMAKE_PREFIX_PATH=${CMAKE_PREFIX_PATH}:/opt/ros/humble /usr/bin/cmake /home/elijahcmv/projects/robotarm/ros2_ws/src/my_arm_kinematics -DCMAKE_INSTALL_PREFIX=/home/elijahcmv/projects/robotarm/ros2_ws/install
[2.026s] DEBUG:colcon.colcon_core.event_handler.log_command:Invoked command in '/home/elijahcmv/projects/robotarm/ros2_ws/build/my_arm_description' returned '0': CMAKE_PREFIX_PATH=${CMAKE_PREFIX_PATH}:/opt/ros/humble /usr/bin/cmake /home/elijahcmv/projects/robotarm/ros2_ws/src/my_arm_description -DCMAKE_INSTALL_PREFIX=/home/elijahcmv/projects/robotarm/ros2_ws/install
[2.027s] DEBUG:colcon.colcon_core.event_handler.log_command:Invoking command in '/home/elijahcmv/projects/robotarm/ros2_ws/build/my_arm_description': CMAKE_PREFIX_PATH=${CMAKE_PREFIX_PATH}:/opt/ros/humble /usr/bin/cmake --build /home/elijahcmv/projects/robotarm/ros2_ws/build/my_arm_description -- -j16 -l16
[2.054s] DEBUG:colcon.colcon_core.event_handler.log_command:Invoked command in '/home/elijahcmv/projects/robotarm/ros2_ws/build/my_arm_description' returned '0': CMAKE_PREFIX_PATH=${CMAKE_PREFIX_PATH}:/opt/ros/humble /usr/bin/cmake --build /home/elijahcmv/projects/robotarm/ros2_ws/build/my_arm_description -- -j16 -l16
[2.061s] DEBUG:colcon.colcon_core.event_handler.log_command:Invoking command in '/home/elijahcmv/projects/robotarm/ros2_ws/build/my_arm_description': CMAKE_PREFIX_PATH=${CMAKE_PREFIX_PATH}:/opt/ros/humble /usr/bin/cmake --install /home/elijahcmv/projects/robotarm/ros2_ws/build/my_arm_description
[2.090s] Level 1:colcon.colcon_core.environment:create_environment_scripts_only(my_arm_description)
[2.091s] DEBUG:colcon.colcon_core.event_handler.log_command:Invoked command in '/home/elijahcmv/projects/robotarm/ros2_ws/build/my_arm_description' returned '0': CMAKE_PREFIX_PATH=${CMAKE_PREFIX_PATH}:/opt/ros/humble /usr/bin/cmake --install /home/elijahcmv/projects/robotarm/ros2_ws/build/my_arm_description
[2.096s] Level 1:colcon.colcon_core.environment:checking '/home/elijahcmv/projects/robotarm/ros2_ws/install' for CMake module files
[2.097s] Level 1:colcon.colcon_core.environment:checking '/home/elijahcmv/projects/robotarm/ros2_ws/install' for CMake config files
[2.097s] Level 1:colcon.colcon_core.shell:create_environment_hook('my_arm_description', 'cmake_prefix_path')
[2.097s] INFO:colcon.colcon_core.shell:Creating environment hook '/home/elijahcmv/projects/robotarm/ros2_ws/install/share/my_arm_description/hook/cmake_prefix_path.ps1'
[2.098s] INFO:colcon.colcon_core.shell:Creating environment descriptor '/home/elijahcmv/projects/robotarm/ros2_ws/install/share/my_arm_description/hook/cmake_prefix_path.dsv'
[2.099s] INFO:colcon.colcon_core.shell:Creating environment hook '/home/elijahcmv/projects/robotarm/ros2_ws/install/share/my_arm_description/hook/cmake_prefix_path.sh'
[2.100s] Level 1:colcon.colcon_core.environment:checking '/home/elijahcmv/projects/robotarm/ros2_ws/install/bin'
[2.100s] Level 1:colcon.colcon_core.environment:checking '/home/elijahcmv/projects/robotarm/ros2_ws/install/lib/pkgconfig/my_arm_description.pc'
[2.100s] Level 1:colcon.colcon_core.environment:checking '/home/elijahcmv/projects/robotarm/ros2_ws/install/lib/python3.10/site-packages'
[2.101s] Level 1:colcon.colcon_core.environment:checking '/home/elijahcmv/projects/robotarm/ros2_ws/install/bin'
[2.101s] INFO:colcon.colcon_core.shell:Creating package script '/home/elijahcmv/projects/robotarm/ros2_ws/install/share/my_arm_description/package.ps1'
[2.102s] INFO:colcon.colcon_core.shell:Creating package descriptor '/home/elijahcmv/projects/robotarm/ros2_ws/install/share/my_arm_description/package.dsv'
[2.102s] INFO:colcon.colcon_core.shell:Creating package script '/home/elijahcmv/projects/robotarm/ros2_ws/install/share/my_arm_description/package.sh'
[2.103s] INFO:colcon.colcon_core.shell:Creating package script '/home/elijahcmv/projects/robotarm/ros2_ws/install/share/my_arm_description/package.bash'
[2.104s] INFO:colcon.colcon_core.shell:Creating package script '/home/elijahcmv/projects/robotarm/ros2_ws/install/share/my_arm_description/package.zsh'
[2.105s] Level 1:colcon.colcon_core.environment:create_file_with_runtime_dependencies(/home/elijahcmv/projects/robotarm/ros2_ws/install/share/colcon-core/packages/my_arm_description)
[2.106s] Level 1:colcon.colcon_core.environment:create_environment_scripts_only(my_arm_description)
[2.106s] Level 1:colcon.colcon_core.environment:checking '/home/elijahcmv/projects/robotarm/ros2_ws/install' for CMake module files
[2.106s] Level 1:colcon.colcon_core.environment:checking '/home/elijahcmv/projects/robotarm/ros2_ws/install' for CMake config files
[2.106s] Level 1:colcon.colcon_core.shell:create_environment_hook('my_arm_description', 'cmake_prefix_path')
[2.107s] INFO:colcon.colcon_core.shell:Creating environment hook '/home/elijahcmv/projects/robotarm/ros2_ws/install/share/my_arm_description/hook/cmake_prefix_path.ps1'
[2.107s] INFO:colcon.colcon_core.shell:Creating environment descriptor '/home/elijahcmv/projects/robotarm/ros2_ws/install/share/my_arm_description/hook/cmake_prefix_path.dsv'
[2.107s] INFO:colcon.colcon_core.shell:Creating environment hook '/home/elijahcmv/projects/robotarm/ros2_ws/install/share/my_arm_description/hook/cmake_prefix_path.sh'
[2.108s] Level 1:colcon.colcon_core.environment:checking '/home/elijahcmv/projects/robotarm/ros2_ws/install/bin'
[2.108s] Level 1:colcon.colcon_core.environment:checking '/home/elijahcmv/projects/robotarm/ros2_ws/install/lib/pkgconfig/my_arm_description.pc'
[2.108s] Level 1:colcon.colcon_core.environment:checking '/home/elijahcmv/projects/robotarm/ros2_ws/install/lib/python3.10/site-packages'
[2.108s] Level 1:colcon.colcon_core.environment:checking '/home/elijahcmv/projects/robotarm/ros2_ws/install/bin'
[2.108s] INFO:colcon.colcon_core.shell:Creating package script '/home/elijahcmv/projects/robotarm/ros2_ws/install/share/my_arm_description/package.ps1'
[2.109s] INFO:colcon.colcon_core.shell:Creating package descriptor '/home/elijahcmv/projects/robotarm/ros2_ws/install/share/my_arm_description/package.dsv'
[2.109s] INFO:colcon.colcon_core.shell:Creating package script '/home/elijahcmv/projects/robotarm/ros2_ws/install/share/my_arm_description/package.sh'
[2.109s] INFO:colcon.colcon_core.shell:Creating package script '/home/elijahcmv/projects/robotarm/ros2_ws/install/share/my_arm_description/package.bash'
[2.110s] INFO:colcon.colcon_core.shell:Creating package script '/home/elijahcmv/projects/robotarm/ros2_ws/install/share/my_arm_description/package.zsh'
[2.110s] Level 1:colcon.colcon_core.environment:create_file_with_runtime_dependencies(/home/elijahcmv/projects/robotarm/ros2_ws/install/share/colcon-core/packages/my_arm_description)
[2.110s] INFO:colcon.colcon_ros.task.ament_cmake.build:Building ROS package in '/home/elijahcmv/projects/robotarm/ros2_ws/src/my_arm_moveit_config' with build type 'ament_cmake'
[2.110s] INFO:colcon.colcon_cmake.task.cmake.build:Building CMake package in '/home/elijahcmv/projects/robotarm/ros2_ws/src/my_arm_moveit_config'
[2.110s] INFO:colcon.colcon_core.shell:Skip shell extension 'powershell' for command environment: Not usable outside of PowerShell
[2.110s] DEBUG:colcon.colcon_core.shell:Skip shell extension 'dsv' for command environment
[2.153s] DEBUG:colcon.colcon_core.event_handler.log_command:Invoking command in '/home/elijahcmv/projects/robotarm/ros2_ws/build/my_arm_moveit_config': CMAKE_PREFIX_PATH=${CMAKE_PREFIX_PATH}:/opt/ros/humble /usr/bin/cmake /home/elijahcmv/projects/robotarm/ros2_ws/src/my_arm_moveit_config -DCMAKE_INSTALL_PREFIX=/home/elijahcmv/projects/robotarm/ros2_ws/install
[3.288s] DEBUG:colcon.colcon_core.event_handler.log_command:Invoked command in '/home/elijahcmv/projects/robotarm/ros2_ws/build/my_arm_moveit_config' returned '0': CMAKE_PREFIX_PATH=${CMAKE_PREFIX_PATH}:/opt/ros/humble /usr/bin/cmake /home/elijahcmv/projects/robotarm/ros2_ws/src/my_arm_moveit_config -DCMAKE_INSTALL_PREFIX=/home/elijahcmv/projects/robotarm/ros2_ws/install
[3.289s] DEBUG:colcon.colcon_core.event_handler.log_command:Invoking command in '/home/elijahcmv/projects/robotarm/ros2_ws/build/my_arm_moveit_config': CMAKE_PREFIX_PATH=${CMAKE_PREFIX_PATH}:/opt/ros/humble /usr/bin/cmake --build /home/elijahcmv/projects/robotarm/ros2_ws/build/my_arm_moveit_config -- -j16 -l16
[3.316s] DEBUG:colcon.colcon_core.event_handler.log_command:Invoked command in '/home/elijahcmv/projects/robotarm/ros2_ws/build/my_arm_moveit_config' returned '0': CMAKE_PREFIX_PATH=${CMAKE_PREFIX_PATH}:/opt/ros/humble /usr/bin/cmake --build /home/elijahcmv/projects/robotarm/ros2_ws/build/my_arm_moveit_config -- -j16 -l16
[3.317s] DEBUG:colcon.colcon_core.event_handler.log_command:Invoking command in '/home/elijahcmv/projects/robotarm/ros2_ws/build/my_arm_moveit_config': CMAKE_PREFIX_PATH=${CMAKE_PREFIX_PATH}:/opt/ros/humble /usr/bin/cmake --install /home/elijahcmv/projects/robotarm/ros2_ws/build/my_arm_moveit_config
[3.332s] Level 1:colcon.colcon_core.environment:create_environment_scripts_only(my_arm_moveit_config)
[3.333s] DEBUG:colcon.colcon_core.event_handler.log_command:Invoked command in '/home/elijahcmv/projects/robotarm/ros2_ws/build/my_arm_moveit_config' returned '0': CMAKE_PREFIX_PATH=${CMAKE_PREFIX_PATH}:/opt/ros/humble /usr/bin/cmake --install /home/elijahcmv/projects/robotarm/ros2_ws/build/my_arm_moveit_config
[3.333s] Level 1:colcon.colcon_core.environment:checking '/home/elijahcmv/projects/robotarm/ros2_ws/install' for CMake module files
[3.333s] Level 1:colcon.colcon_core.environment:checking '/home/elijahcmv/projects/robotarm/ros2_ws/install' for CMake config files
[3.333s] Level 1:colcon.colcon_core.shell:create_environment_hook('my_arm_moveit_config', 'cmake_prefix_path')
[3.334s] INFO:colcon.colcon_core.shell:Creating environment hook '/home/elijahcmv/projects/robotarm/ros2_ws/install/share/my_arm_moveit_config/hook/cmake_prefix_path.ps1'
[3.334s] INFO:colcon.colcon_core.shell:Creating environment descriptor '/home/elijahcmv/projects/robotarm/ros2_ws/install/share/my_arm_moveit_config/hook/cmake_prefix_path.dsv'
[3.334s] INFO:colcon.colcon_core.shell:Creating environment hook '/home/elijahcmv/projects/robotarm/ros2_ws/install/share/my_arm_moveit_config/hook/cmake_prefix_path.sh'
[3.335s] Level 1:colcon.colcon_core.environment:checking '/home/elijahcmv/projects/robotarm/ros2_ws/install/bin'
[3.335s] Level 1:colcon.colcon_core.environment:checking '/home/elijahcmv/projects/robotarm/ros2_ws/install/lib/pkgconfig/my_arm_moveit_config.pc'
[3.335s] Level 1:colcon.colcon_core.environment:checking '/home/elijahcmv/projects/robotarm/ros2_ws/install/lib/python3.10/site-packages'
[3.335s] Level 1:colcon.colcon_core.environment:checking '/home/elijahcmv/projects/robotarm/ros2_ws/install/bin'
[3.335s] INFO:colcon.colcon_core.shell:Creating package script '/home/elijahcmv/projects/robotarm/ros2_ws/install/share/my_arm_moveit_config/package.ps1'
[3.336s] INFO:colcon.colcon_core.shell:Creating package descriptor '/home/elijahcmv/projects/robotarm/ros2_ws/install/share/my_arm_moveit_config/package.dsv'
[3.336s] INFO:colcon.colcon_core.shell:Creating package script '/home/elijahcmv/projects/robotarm/ros2_ws/install/share/my_arm_moveit_config/package.sh'
[3.336s] INFO:colcon.colcon_core.shell:Creating package script '/home/elijahcmv/projects/robotarm/ros2_ws/install/share/my_arm_moveit_config/package.bash'
[3.336s] INFO:colcon.colcon_core.shell:Creating package script '/home/elijahcmv/projects/robotarm/ros2_ws/install/share/my_arm_moveit_config/package.zsh'
[3.336s] Level 1:colcon.colcon_core.environment:create_file_with_runtime_dependencies(/home/elijahcmv/projects/robotarm/ros2_ws/install/share/colcon-core/packages/my_arm_moveit_config)
[3.337s] Level 1:colcon.colcon_core.environment:create_environment_scripts_only(my_arm_moveit_config)
[3.337s] Level 1:colcon.colcon_core.environment:checking '/home/elijahcmv/projects/robotarm/ros2_ws/install' for CMake module files
[3.337s] Level 1:colcon.colcon_core.environment:checking '/home/elijahcmv/projects/robotarm/ros2_ws/install' for CMake config files
[3.337s] Level 1:colcon.colcon_core.shell:create_environment_hook('my_arm_moveit_config', 'cmake_prefix_path')
[3.337s] INFO:colcon.colcon_core.shell:Creating environment hook '/home/elijahcmv/projects/robotarm/ros2_ws/install/share/my_arm_moveit_config/hook/cmake_prefix_path.ps1'
[3.338s] INFO:colcon.colcon_core.shell:Creating environment descriptor '/home/elijahcmv/projects/robotarm/ros2_ws/install/share/my_arm_moveit_config/hook/cmake_prefix_path.dsv'
[3.338s] INFO:colcon.colcon_core.shell:Creating environment hook '/home/elijahcmv/projects/robotarm/ros2_ws/install/share/my_arm_moveit_config/hook/cmake_prefix_path.sh'
[3.338s] Level 1:colcon.colcon_core.environment:checking '/home/elijahcmv/projects/robotarm/ros2_ws/install/bin'
[3.338s] Level 1:colcon.colcon_core.environment:checking '/home/elijahcmv/projects/robotarm/ros2_ws/install/lib/pkgconfig/my_arm_moveit_config.pc'
[3.338s] Level 1:colcon.colcon_core.environment:checking '/home/elijahcmv/projects/robotarm/ros2_ws/install/lib/python3.10/site-packages'
[3.339s] Level 1:colcon.colcon_core.environment:checking '/home/elijahcmv/projects/robotarm/ros2_ws/install/bin'
[3.339s] INFO:colcon.colcon_core.shell:Creating package script '/home/elijahcmv/projects/robotarm/ros2_ws/install/share/my_arm_moveit_config/package.ps1'
[3.339s] INFO:colcon.colcon_core.shell:Creating package descriptor '/home/elijahcmv/projects/robotarm/ros2_ws/install/share/my_arm_moveit_config/package.dsv'
[3.339s] INFO:colcon.colcon_core.shell:Creating package script '/home/elijahcmv/projects/robotarm/ros2_ws/install/share/my_arm_moveit_config/package.sh'
[3.340s] INFO:colcon.colcon_core.shell:Creating package script '/home/elijahcmv/projects/robotarm/ros2_ws/install/share/my_arm_moveit_config/package.bash'
[3.340s] INFO:colcon.colcon_core.shell:Creating package script '/home/elijahcmv/projects/robotarm/ros2_ws/install/share/my_arm_moveit_config/package.zsh'
[3.340s] Level 1:colcon.colcon_core.environment:create_file_with_runtime_dependencies(/home/elijahcmv/projects/robotarm/ros2_ws/install/share/colcon-core/packages/my_arm_moveit_config)
[10.723s] DEBUG:colcon.colcon_core.event_handler.log_command:Invoked command in '/home/elijahcmv/projects/robotarm/ros2_ws/build/my_arm_kinematics' returned '0': CMAKE_PREFIX_PATH=${CMAKE_PREFIX_PATH}:/opt/ros/humble /usr/bin/cmake /home/elijahcmv/projects/robotarm/ros2_ws/src/my_arm_kinematics -DCMAKE_INSTALL_PREFIX=/home/elijahcmv/projects/robotarm/ros2_ws/install
[10.725s] DEBUG:colcon.colcon_core.event_handler.log_command:Invoking command in '/home/elijahcmv/projects/robotarm/ros2_ws/build/my_arm_kinematics': CMAKE_PREFIX_PATH=${CMAKE_PREFIX_PATH}:/opt/ros/humble /usr/bin/cmake --build /home/elijahcmv/projects/robotarm/ros2_ws/build/my_arm_kinematics -- -j16 -l16
[17.928s] DEBUG:colcon.colcon_core.event_handler.log_command:Invoked command in '/home/elijahcmv/projects/robotarm/ros2_ws/build/my_arm_kinematics' returned '0': CMAKE_PREFIX_PATH=${CMAKE_PREFIX_PATH}:/opt/ros/humble /usr/bin/cmake --build /home/elijahcmv/projects/robotarm/ros2_ws/build/my_arm_kinematics -- -j16 -l16
[17.929s] DEBUG:colcon.colcon_core.event_handler.log_command:Invoking command in '/home/elijahcmv/projects/robotarm/ros2_ws/build/my_arm_kinematics': CMAKE_PREFIX_PATH=${CMAKE_PREFIX_PATH}:/opt/ros/humble /usr/bin/cmake --install /home/elijahcmv/projects/robotarm/ros2_ws/build/my_arm_kinematics
[17.941s] Level 1:colcon.colcon_core.environment:create_environment_scripts_only(my_arm_kinematics)
[17.941s] Level 1:colcon.colcon_core.environment:checking '/home/elijahcmv/projects/robotarm/ros2_ws/install' for CMake module files
[17.942s] DEBUG:colcon.colcon_core.event_handler.log_command:Invoked command in '/home/elijahcmv/projects/robotarm/ros2_ws/build/my_arm_kinematics' returned '0': CMAKE_PREFIX_PATH=${CMAKE_PREFIX_PATH}:/opt/ros/humble /usr/bin/cmake --install /home/elijahcmv/projects/robotarm/ros2_ws/build/my_arm_kinematics
[17.942s] Level 1:colcon.colcon_core.environment:checking '/home/elijahcmv/projects/robotarm/ros2_ws/install' for CMake config files
[17.943s] Level 1:colcon.colcon_core.shell:create_environment_hook('my_arm_kinematics', 'cmake_prefix_path')
[17.943s] INFO:colcon.colcon_core.shell:Creating environment hook '/home/elijahcmv/projects/robotarm/ros2_ws/install/share/my_arm_kinematics/hook/cmake_prefix_path.ps1'
[17.943s] INFO:colcon.colcon_core.shell:Creating environment descriptor '/home/elijahcmv/projects/robotarm/ros2_ws/install/share/my_arm_kinematics/hook/cmake_prefix_path.dsv'
[17.943s] INFO:colcon.colcon_core.shell:Creating environment hook '/home/elijahcmv/projects/robotarm/ros2_ws/install/share/my_arm_kinematics/hook/cmake_prefix_path.sh'
[17.944s] Level 1:colcon.colcon_core.environment:checking '/home/elijahcmv/projects/robotarm/ros2_ws/install/lib'
[17.944s] Level 1:colcon.colcon_core.shell:create_environment_hook('my_arm_kinematics', 'ld_library_path_lib')
[17.944s] INFO:colcon.colcon_core.shell:Creating environment hook '/home/elijahcmv/projects/robotarm/ros2_ws/install/share/my_arm_kinematics/hook/ld_library_path_lib.ps1'
[17.944s] INFO:colcon.colcon_core.shell:Creating environment descriptor '/home/elijahcmv/projects/robotarm/ros2_ws/install/share/my_arm_kinematics/hook/ld_library_path_lib.dsv'
[17.945s] INFO:colcon.colcon_core.shell:Creating environment hook '/home/elijahcmv/projects/robotarm/ros2_ws/install/share/my_arm_kinematics/hook/ld_library_path_lib.sh'
[17.945s] Level 1:colcon.colcon_core.environment:checking '/home/elijahcmv/projects/robotarm/ros2_ws/install/bin'
[17.945s] Level 1:colcon.colcon_core.environment:checking '/home/elijahcmv/projects/robotarm/ros2_ws/install/lib/pkgconfig/my_arm_kinematics.pc'
[17.945s] Level 1:colcon.colcon_core.environment:checking '/home/elijahcmv/projects/robotarm/ros2_ws/install/lib/python3.10/site-packages'
[17.945s] Level 1:colcon.colcon_core.environment:checking '/home/elijahcmv/projects/robotarm/ros2_ws/install/bin'
[17.945s] INFO:colcon.colcon_core.shell:Creating package script '/home/elijahcmv/projects/robotarm/ros2_ws/install/share/my_arm_kinematics/package.ps1'
[17.946s] INFO:colcon.colcon_core.shell:Creating package descriptor '/home/elijahcmv/projects/robotarm/ros2_ws/install/share/my_arm_kinematics/package.dsv'
[17.946s] INFO:colcon.colcon_core.shell:Creating package script '/home/elijahcmv/projects/robotarm/ros2_ws/install/share/my_arm_kinematics/package.sh'
[17.946s] INFO:colcon.colcon_core.shell:Creating package script '/home/elijahcmv/projects/robotarm/ros2_ws/install/share/my_arm_kinematics/package.bash'
[17.947s] INFO:colcon.colcon_core.shell:Creating package script '/home/elijahcmv/projects/robotarm/ros2_ws/install/share/my_arm_kinematics/package.zsh'
[17.947s] Level 1:colcon.colcon_core.environment:create_file_with_runtime_dependencies(/home/elijahcmv/projects/robotarm/ros2_ws/install/share/colcon-core/packages/my_arm_kinematics)
[17.947s] Level 1:colcon.colcon_core.environment:create_environment_scripts_only(my_arm_kinematics)
[17.947s] Level 1:colcon.colcon_core.environment:checking '/home/elijahcmv/projects/robotarm/ros2_ws/install' for CMake module files
[17.948s] Level 1:colcon.colcon_core.environment:checking '/home/elijahcmv/projects/robotarm/ros2_ws/install' for CMake config files
[17.948s] Level 1:colcon.colcon_core.shell:create_environment_hook('my_arm_kinematics', 'cmake_prefix_path')
[17.948s] INFO:colcon.colcon_core.shell:Creating environment hook '/home/elijahcmv/projects/robotarm/ros2_ws/install/share/my_arm_kinematics/hook/cmake_prefix_path.ps1'
[17.948s] INFO:colcon.colcon_core.shell:Creating environment descriptor '/home/elijahcmv/projects/robotarm/ros2_ws/install/share/my_arm_kinematics/hook/cmake_prefix_path.dsv'
[17.948s] INFO:colcon.colcon_core.shell:Creating environment hook '/home/elijahcmv/projects/robotarm/ros2_ws/install/share/my_arm_kinematics/hook/cmake_prefix_path.sh'
[17.949s] Level 1:colcon.colcon_core.environment:checking '/home/elijahcmv/projects/robotarm/ros2_ws/install/lib'
[17.949s] Level 1:colcon.colcon_core.shell:create_environment_hook('my_arm_kinematics', 'ld_library_path_lib')
[17.949s] INFO:colcon.colcon_core.shell:Creating environment hook '/home/elijahcmv/projects/robotarm/ros2_ws/install/share/my_arm_kinematics/hook/ld_library_path_lib.ps1'
[17.949s] INFO:colcon.colcon_core.shell:Creating environment descriptor '/home/elijahcmv/projects/robotarm/ros2_ws/install/share/my_arm_kinematics/hook/ld_library_path_lib.dsv'
[17.949s] INFO:colcon.colcon_core.shell:Creating environment hook '/home/elijahcmv/projects/robotarm/ros2_ws/install/share/my_arm_kinematics/hook/ld_library_path_lib.sh'
[17.950s] Level 1:colcon.colcon_core.environment:checking '/home/elijahcmv/projects/robotarm/ros2_ws/install/bin'
[17.950s] Level 1:colcon.colcon_core.environment:checking '/home/elijahcmv/projects/robotarm/ros2_ws/install/lib/pkgconfig/my_arm_kinematics.pc'
[17.950s] Level 1:colcon.colcon_core.environment:checking '/home/elijahcmv/projects/robotarm/ros2_ws/install/lib/python3.10/site-packages'
[17.950s] Level 1:colcon.colcon_core.environment:checking '/home/elijahcmv/projects/robotarm/ros2_ws/install/bin'
[17.950s] INFO:colcon.colcon_core.shell:Creating package script '/home/elijahcmv/projects/robotarm/ros2_ws/install/share/my_arm_kinematics/package.ps1'
[17.951s] INFO:colcon.colcon_core.shell:Creating package descriptor '/home/elijahcmv/projects/robotarm/ros2_ws/install/share/my_arm_kinematics/package.dsv'
[17.951s] INFO:colcon.colcon_core.shell:Creating package script '/home/elijahcmv/projects/robotarm/ros2_ws/install/share/my_arm_kinematics/package.sh'
[17.951s] INFO:colcon.colcon_core.shell:Creating package script '/home/elijahcmv/projects/robotarm/ros2_ws/install/share/my_arm_kinematics/package.bash'
[17.951s] INFO:colcon.colcon_core.shell:Creating package script '/home/elijahcmv/projects/robotarm/ros2_ws/install/share/my_arm_kinematics/package.zsh'
[17.952s] Level 1:colcon.colcon_core.environment:create_file_with_runtime_dependencies(/home/elijahcmv/projects/robotarm/ros2_ws/install/share/colcon-core/packages/my_arm_kinematics)
[17.952s] DEBUG:colcon.colcon_parallel_executor.executor.parallel:closing loop
[17.952s] DEBUG:colcon.colcon_parallel_executor.executor.parallel:loop closed
[17.952s] DEBUG:colcon.colcon_parallel_executor.executor.parallel:run_until_complete finished with '0'
[17.953s] DEBUG:colcon.colcon_core.event_reactor:joining thread
[17.996s] INFO:colcon.colcon_core.plugin_system:Skipping extension 'colcon_notification.desktop_notification.notify_send': Could not find 'notify-send'
[17.996s] INFO:colcon.colcon_core.plugin_system:Skipping extension 'colcon_notification.desktop_notification.terminal_notifier': Not used on non-Darwin systems
[17.996s] INFO:colcon.colcon_core.plugin_system:Skipping extension 'colcon_notification.desktop_notification.win32': Not used on non-Windows systems
[17.996s] INFO:colcon.colcon_notification.desktop_notification:Sending desktop notification using 'notify2'
[17.997s] DEBUG:colcon.colcon_notification.desktop_notification.notify2:Failed to initialize notify2: org.freedesktop.DBus.Error.FileNotFound: Failed to connect to socket /run/user/1000/bus: No such file or directory
[17.997s] DEBUG:colcon.colcon_core.event_reactor:joined thread
[17.997s] INFO:colcon.colcon_core.shell:Creating prefix script '/home/elijahcmv/projects/robotarm/ros2_ws/install/local_setup.ps1'
[17.998s] INFO:colcon.colcon_core.shell:Creating prefix util module '/home/elijahcmv/projects/robotarm/ros2_ws/install/_local_setup_util_ps1.py'
[18.000s] INFO:colcon.colcon_core.shell:Creating prefix chain script '/home/elijahcmv/projects/robotarm/ros2_ws/install/setup.ps1'
[18.001s] INFO:colcon.colcon_core.shell:Creating prefix script '/home/elijahcmv/projects/robotarm/ros2_ws/install/local_setup.sh'
[18.001s] INFO:colcon.colcon_core.shell:Creating prefix util module '/home/elijahcmv/projects/robotarm/ros2_ws/install/_local_setup_util_sh.py'
[18.002s] INFO:colcon.colcon_core.shell:Creating prefix chain script '/home/elijahcmv/projects/robotarm/ros2_ws/install/setup.sh'
[18.003s] INFO:colcon.colcon_core.shell:Creating prefix script '/home/elijahcmv/projects/robotarm/ros2_ws/install/local_setup.bash'
[18.003s] INFO:colcon.colcon_core.shell:Creating prefix chain script '/home/elijahcmv/projects/robotarm/ros2_ws/install/setup.bash'
[18.005s] INFO:colcon.colcon_core.shell:Creating prefix script '/home/elijahcmv/projects/robotarm/ros2_ws/install/local_setup.zsh'
[18.006s] INFO:colcon.colcon_core.shell:Creating prefix chain script '/home/elijahcmv/projects/robotarm/ros2_ws/install/setup.zsh'
