[0.042s] Invoking command in '/home/elijahcmv/projects/robotarm/ros2_ws/build/my_arm_moveit_config': CMAKE_PREFIX_PATH=${CMAKE_PREFIX_PATH}:/opt/ros/humble /usr/bin/cmake /home/elijahcmv/projects/robotarm/ros2_ws/src/my_arm_moveit_config -DCMAKE_INSTALL_PREFIX=/home/elijahcmv/projects/robotarm/ros2_ws/install
[0.161s] -- The C compiler identification is GNU 11.4.0
[0.469s] -- The CXX compiler identification is GNU 11.4.0
[0.684s] -- Detecting C compiler ABI info
[0.804s] -- Detecting C compiler ABI info - done
[0.809s] -- Check for working C compiler: /usr/bin/cc - skipped
[0.809s] -- Detecting C compile features
[0.809s] -- Detecting C compile features - done
[0.811s] -- Detecting CXX compiler ABI info
[0.939s] -- Detecting CXX compiler ABI info - done
[0.944s] -- Check for working CXX compiler: /usr/bin/c++ - skipped
[0.945s] -- Detecting CXX compile features
[0.945s] -- Detecting CXX compile features - done
[0.947s] -- Found ament_cmake: 1.3.12 (/opt/ros/humble/share/ament_cmake/cmake)
[1.055s] -- Found Python3: /usr/bin/python3 (found version "3.10.12") found components: Interpreter 
[1.169s] -- Configuring done
[1.172s] -- Generating done
[1.173s] -- Build files have been written to: /home/elijahcmv/projects/robotarm/ros2_ws/build/my_arm_moveit_config
[1.177s] Invoked command in '/home/elijahcmv/projects/robotarm/ros2_ws/build/my_arm_moveit_config' returned '0': CMAKE_PREFIX_PATH=${CMAKE_PREFIX_PATH}:/opt/ros/humble /usr/bin/cmake /home/elijahcmv/projects/robotarm/ros2_ws/src/my_arm_moveit_config -DCMAKE_INSTALL_PREFIX=/home/elijahcmv/projects/robotarm/ros2_ws/install
[1.178s] Invoking command in '/home/elijahcmv/projects/robotarm/ros2_ws/build/my_arm_moveit_config': CMAKE_PREFIX_PATH=${CMAKE_PREFIX_PATH}:/opt/ros/humble /usr/bin/cmake --build /home/elijahcmv/projects/robotarm/ros2_ws/build/my_arm_moveit_config -- -j16 -l16
[1.205s] Invoked command in '/home/elijahcmv/projects/robotarm/ros2_ws/build/my_arm_moveit_config' returned '0': CMAKE_PREFIX_PATH=${CMAKE_PREFIX_PATH}:/opt/ros/humble /usr/bin/cmake --build /home/elijahcmv/projects/robotarm/ros2_ws/build/my_arm_moveit_config -- -j16 -l16
[1.206s] Invoking command in '/home/elijahcmv/projects/robotarm/ros2_ws/build/my_arm_moveit_config': CMAKE_PREFIX_PATH=${CMAKE_PREFIX_PATH}:/opt/ros/humble /usr/bin/cmake --install /home/elijahcmv/projects/robotarm/ros2_ws/build/my_arm_moveit_config
[1.211s] -- Install configuration: ""
[1.211s] -- Installing: /home/elijahcmv/projects/robotarm/ros2_ws/install/share/ament_index/resource_index/package_run_dependencies/my_arm_moveit_config
[1.211s] -- Installing: /home/elijahcmv/projects/robotarm/ros2_ws/install/share/ament_index/resource_index/parent_prefix_path/my_arm_moveit_config
[1.212s] -- Installing: /home/elijahcmv/projects/robotarm/ros2_ws/install/share/my_arm_moveit_config/environment/ament_prefix_path.sh
[1.212s] -- Installing: /home/elijahcmv/projects/robotarm/ros2_ws/install/share/my_arm_moveit_config/environment/ament_prefix_path.dsv
[1.212s] -- Installing: /home/elijahcmv/projects/robotarm/ros2_ws/install/share/my_arm_moveit_config/environment/path.sh
[1.212s] -- Installing: /home/elijahcmv/projects/robotarm/ros2_ws/install/share/my_arm_moveit_config/environment/path.dsv
[1.213s] -- Installing: /home/elijahcmv/projects/robotarm/ros2_ws/install/share/my_arm_moveit_config/local_setup.bash
[1.213s] -- Installing: /home/elijahcmv/projects/robotarm/ros2_ws/install/share/my_arm_moveit_config/local_setup.sh
[1.213s] -- Installing: /home/elijahcmv/projects/robotarm/ros2_ws/install/share/my_arm_moveit_config/local_setup.zsh
[1.213s] -- Installing: /home/elijahcmv/projects/robotarm/ros2_ws/install/share/my_arm_moveit_config/local_setup.dsv
[1.213s] -- Installing: /home/elijahcmv/projects/robotarm/ros2_ws/install/share/my_arm_moveit_config/package.dsv
[1.213s] -- Installing: /home/elijahcmv/projects/robotarm/ros2_ws/install/share/ament_index/resource_index/packages/my_arm_moveit_config
[1.213s] -- Installing: /home/elijahcmv/projects/robotarm/ros2_ws/install/share/my_arm_moveit_config/cmake/my_arm_moveit_configConfig.cmake
[1.213s] -- Installing: /home/elijahcmv/projects/robotarm/ros2_ws/install/share/my_arm_moveit_config/cmake/my_arm_moveit_configConfig-version.cmake
[1.214s] -- Installing: /home/elijahcmv/projects/robotarm/ros2_ws/install/share/my_arm_moveit_config/package.xml
[1.214s] -- Installing: /home/elijahcmv/projects/robotarm/ros2_ws/install/share/my_arm_moveit_config/launch
[1.214s] -- Installing: /home/elijahcmv/projects/robotarm/ros2_ws/install/share/my_arm_moveit_config/launch/static_virtual_joint_tfs.launch.py
[1.215s] -- Installing: /home/elijahcmv/projects/robotarm/ros2_ws/install/share/my_arm_moveit_config/launch/demo.launch.py
[1.215s] -- Installing: /home/elijahcmv/projects/robotarm/ros2_ws/install/share/my_arm_moveit_config/launch/move_group.launch.py
[1.215s] -- Installing: /home/elijahcmv/projects/robotarm/ros2_ws/install/share/my_arm_moveit_config/launch/warehouse_db.launch.py
[1.216s] -- Installing: /home/elijahcmv/projects/robotarm/ros2_ws/install/share/my_arm_moveit_config/launch/rsp.launch.py
[1.216s] -- Installing: /home/elijahcmv/projects/robotarm/ros2_ws/install/share/my_arm_moveit_config/launch/moveit_rviz.launch.py
[1.216s] -- Installing: /home/elijahcmv/projects/robotarm/ros2_ws/install/share/my_arm_moveit_config/launch/spawn_controllers.launch.py
[1.216s] -- Installing: /home/elijahcmv/projects/robotarm/ros2_ws/install/share/my_arm_moveit_config/launch/setup_assistant.launch.py
[1.217s] -- Installing: /home/elijahcmv/projects/robotarm/ros2_ws/install/share/my_arm_moveit_config/config
[1.217s] -- Installing: /home/elijahcmv/projects/robotarm/ros2_ws/install/share/my_arm_moveit_config/config/joint_limits.yaml
[1.217s] -- Installing: /home/elijahcmv/projects/robotarm/ros2_ws/install/share/my_arm_moveit_config/config/ros2_controllers.yaml
[1.218s] -- Installing: /home/elijahcmv/projects/robotarm/ros2_ws/install/share/my_arm_moveit_config/config/my_3dof_arm.srdf
[1.218s] -- Installing: /home/elijahcmv/projects/robotarm/ros2_ws/install/share/my_arm_moveit_config/config/joint_limits.yaml.bak
[1.218s] -- Installing: /home/elijahcmv/projects/robotarm/ros2_ws/install/share/my_arm_moveit_config/config/kinematics.yaml
[1.219s] -- Installing: /home/elijahcmv/projects/robotarm/ros2_ws/install/share/my_arm_moveit_config/config/pilz_cartesian_limits.yaml
[1.219s] -- Installing: /home/elijahcmv/projects/robotarm/ros2_ws/install/share/my_arm_moveit_config/config/ros2_controllers.yaml.bak
[1.219s] -- Installing: /home/elijahcmv/projects/robotarm/ros2_ws/install/share/my_arm_moveit_config/config/moveit.rviz
[1.220s] -- Installing: /home/elijahcmv/projects/robotarm/ros2_ws/install/share/my_arm_moveit_config/.setup_assistant
[1.222s] Invoked command in '/home/elijahcmv/projects/robotarm/ros2_ws/build/my_arm_moveit_config' returned '0': CMAKE_PREFIX_PATH=${CMAKE_PREFIX_PATH}:/opt/ros/humble /usr/bin/cmake --install /home/elijahcmv/projects/robotarm/ros2_ws/build/my_arm_moveit_config
