[0.172s] DEBUG:colcon:Command line arguments: ['/usr/bin/colcon', 'build', '--merge-install', '--packages-select', 'my_arm_kinematics', 'my_arm_moveit_config']
[0.172s] DEBUG:colcon:Parsed command line arguments: Namespace(log_base=None, log_level=None, verb_name='build', build_base='build', install_base='install', merge_install=True, symlink_install=False, test_result_base=None, continue_on_error=False, executor='parallel', parallel_workers=16, event_handlers=None, ignore_user_meta=False, metas=['./colcon.meta'], base_paths=['.'], packages_ignore=None, packages_ignore_regex=None, paths=None, packages_up_to=None, packages_up_to_regex=None, packages_above=None, packages_above_and_dependencies=None, packages_above_depth=None, packages_select_by_dep=None, packages_skip_by_dep=None, packages_skip_up_to=None, packages_select_build_failed=False, packages_skip_build_finished=False, packages_select_test_failures=False, packages_skip_test_passed=False, packages_select=['my_arm_kinematics', 'my_arm_moveit_config'], packages_skip=None, packages_select_regex=None, packages_skip_regex=None, packages_start=None, packages_end=None, allow_overriding=[], cmake_args=None, cmake_target=None, cmake_target_skip_unavailable=False, cmake_clean_cache=False, cmake_clean_first=False, cmake_force_configure=False, ament_cmake_args=None, catkin_cmake_args=None, catkin_skip_building_tests=False, mixin_files=None, mixin=None, verb_parser=<colcon_mixin.mixin.mixin_argument.MixinArgumentDecorator object at 0x72ae8f745780>, verb_extension=<colcon_core.verb.build.BuildVerb object at 0x72ae8f8625c0>, main=<bound method BuildVerb.main of <colcon_core.verb.build.BuildVerb object at 0x72ae8f8625c0>>, mixin_verb=('build',))
[0.286s] Level 1:colcon.colcon_core.package_discovery:discover_packages(colcon_meta) check parameters
[0.286s] Level 1:colcon.colcon_core.package_discovery:discover_packages(recursive) check parameters
[0.286s] Level 1:colcon.colcon_core.package_discovery:discover_packages(ignore) check parameters
[0.286s] Level 1:colcon.colcon_core.package_discovery:discover_packages(path) check parameters
[0.286s] Level 1:colcon.colcon_core.package_discovery:discover_packages(colcon_meta) discover
[0.286s] Level 1:colcon.colcon_core.package_discovery:discover_packages(recursive) discover
[0.286s] INFO:colcon.colcon_core.package_discovery:Crawling recursively for packages in '/home/elijahcmv/projects/robotarm/ros2_ws'
[0.286s] Level 1:colcon.colcon_core.package_identification:_identify(.) by extensions ['ignore', 'ignore_ament_install']
[0.286s] Level 1:colcon.colcon_core.package_identification:_identify(.) by extension 'ignore'
[0.286s] Level 1:colcon.colcon_core.package_identification:_identify(.) by extension 'ignore_ament_install'
[0.286s] Level 1:colcon.colcon_core.package_identification:_identify(.) by extensions ['colcon_pkg']
[0.286s] Level 1:colcon.colcon_core.package_identification:_identify(.) by extension 'colcon_pkg'
[0.286s] Level 1:colcon.colcon_core.package_identification:_identify(.) by extensions ['colcon_meta']
[0.286s] Level 1:colcon.colcon_core.package_identification:_identify(.) by extension 'colcon_meta'
[0.286s] Level 1:colcon.colcon_core.package_identification:_identify(.) by extensions ['ros']
[0.286s] Level 1:colcon.colcon_core.package_identification:_identify(.) by extension 'ros'
[0.294s] Level 1:colcon.colcon_core.package_identification:_identify(.) by extensions ['cmake', 'python']
[0.294s] Level 1:colcon.colcon_core.package_identification:_identify(.) by extension 'cmake'
[0.294s] Level 1:colcon.colcon_core.package_identification:_identify(.) by extension 'python'
[0.294s] Level 1:colcon.colcon_core.package_identification:_identify(.) by extensions ['python_setup_py']
[0.294s] Level 1:colcon.colcon_core.package_identification:_identify(.) by extension 'python_setup_py'
[0.294s] Level 1:colcon.colcon_core.package_identification:_identify(build) by extensions ['ignore', 'ignore_ament_install']
[0.294s] Level 1:colcon.colcon_core.package_identification:_identify(build) by extension 'ignore'
[0.294s] Level 1:colcon.colcon_core.package_identification:_identify(build) ignored
[0.295s] Level 1:colcon.colcon_core.package_identification:_identify(install) by extensions ['ignore', 'ignore_ament_install']
[0.295s] Level 1:colcon.colcon_core.package_identification:_identify(install) by extension 'ignore'
[0.295s] Level 1:colcon.colcon_core.package_identification:_identify(install) ignored
[0.295s] Level 1:colcon.colcon_core.package_identification:_identify(log) by extensions ['ignore', 'ignore_ament_install']
[0.295s] Level 1:colcon.colcon_core.package_identification:_identify(log) by extension 'ignore'
[0.295s] Level 1:colcon.colcon_core.package_identification:_identify(log) ignored
[0.295s] Level 1:colcon.colcon_core.package_identification:_identify(src) by extensions ['ignore', 'ignore_ament_install']
[0.295s] Level 1:colcon.colcon_core.package_identification:_identify(src) by extension 'ignore'
[0.295s] Level 1:colcon.colcon_core.package_identification:_identify(src) by extension 'ignore_ament_install'
[0.295s] Level 1:colcon.colcon_core.package_identification:_identify(src) by extensions ['colcon_pkg']
[0.295s] Level 1:colcon.colcon_core.package_identification:_identify(src) by extension 'colcon_pkg'
[0.295s] Level 1:colcon.colcon_core.package_identification:_identify(src) by extensions ['colcon_meta']
[0.295s] Level 1:colcon.colcon_core.package_identification:_identify(src) by extension 'colcon_meta'
[0.295s] Level 1:colcon.colcon_core.package_identification:_identify(src) by extensions ['ros']
[0.295s] Level 1:colcon.colcon_core.package_identification:_identify(src) by extension 'ros'
[0.295s] Level 1:colcon.colcon_core.package_identification:_identify(src) by extensions ['cmake', 'python']
[0.295s] Level 1:colcon.colcon_core.package_identification:_identify(src) by extension 'cmake'
[0.295s] Level 1:colcon.colcon_core.package_identification:_identify(src) by extension 'python'
[0.295s] Level 1:colcon.colcon_core.package_identification:_identify(src) by extensions ['python_setup_py']
[0.295s] Level 1:colcon.colcon_core.package_identification:_identify(src) by extension 'python_setup_py'
[0.295s] Level 1:colcon.colcon_core.package_identification:_identify(src/my_arm_description) by extensions ['ignore', 'ignore_ament_install']
[0.295s] Level 1:colcon.colcon_core.package_identification:_identify(src/my_arm_description) by extension 'ignore'
[0.295s] Level 1:colcon.colcon_core.package_identification:_identify(src/my_arm_description) by extension 'ignore_ament_install'
[0.295s] Level 1:colcon.colcon_core.package_identification:_identify(src/my_arm_description) by extensions ['colcon_pkg']
[0.295s] Level 1:colcon.colcon_core.package_identification:_identify(src/my_arm_description) by extension 'colcon_pkg'
[0.295s] Level 1:colcon.colcon_core.package_identification:_identify(src/my_arm_description) by extensions ['colcon_meta']
[0.295s] Level 1:colcon.colcon_core.package_identification:_identify(src/my_arm_description) by extension 'colcon_meta'
[0.295s] Level 1:colcon.colcon_core.package_identification:_identify(src/my_arm_description) by extensions ['ros']
[0.295s] Level 1:colcon.colcon_core.package_identification:_identify(src/my_arm_description) by extension 'ros'
[0.297s] DEBUG:colcon.colcon_core.package_identification:Package 'src/my_arm_description' with type 'ros.ament_cmake' and name 'my_arm_description'
[0.297s] Level 1:colcon.colcon_core.package_identification:_identify(src/my_arm_kinematics) by extensions ['ignore', 'ignore_ament_install']
[0.297s] Level 1:colcon.colcon_core.package_identification:_identify(src/my_arm_kinematics) by extension 'ignore'
[0.297s] Level 1:colcon.colcon_core.package_identification:_identify(src/my_arm_kinematics) by extension 'ignore_ament_install'
[0.297s] Level 1:colcon.colcon_core.package_identification:_identify(src/my_arm_kinematics) by extensions ['colcon_pkg']
[0.297s] Level 1:colcon.colcon_core.package_identification:_identify(src/my_arm_kinematics) by extension 'colcon_pkg'
[0.297s] Level 1:colcon.colcon_core.package_identification:_identify(src/my_arm_kinematics) by extensions ['colcon_meta']
[0.297s] Level 1:colcon.colcon_core.package_identification:_identify(src/my_arm_kinematics) by extension 'colcon_meta'
[0.297s] Level 1:colcon.colcon_core.package_identification:_identify(src/my_arm_kinematics) by extensions ['ros']
[0.297s] Level 1:colcon.colcon_core.package_identification:_identify(src/my_arm_kinematics) by extension 'ros'
[0.298s] DEBUG:colcon.colcon_core.package_identification:Package 'src/my_arm_kinematics' with type 'ros.ament_cmake' and name 'my_arm_kinematics'
[0.298s] Level 1:colcon.colcon_core.package_identification:_identify(src/my_arm_moveit_config) by extensions ['ignore', 'ignore_ament_install']
[0.298s] Level 1:colcon.colcon_core.package_identification:_identify(src/my_arm_moveit_config) by extension 'ignore'
[0.298s] Level 1:colcon.colcon_core.package_identification:_identify(src/my_arm_moveit_config) by extension 'ignore_ament_install'
[0.298s] Level 1:colcon.colcon_core.package_identification:_identify(src/my_arm_moveit_config) by extensions ['colcon_pkg']
[0.298s] Level 1:colcon.colcon_core.package_identification:_identify(src/my_arm_moveit_config) by extension 'colcon_pkg'
[0.298s] Level 1:colcon.colcon_core.package_identification:_identify(src/my_arm_moveit_config) by extensions ['colcon_meta']
[0.298s] Level 1:colcon.colcon_core.package_identification:_identify(src/my_arm_moveit_config) by extension 'colcon_meta'
[0.298s] Level 1:colcon.colcon_core.package_identification:_identify(src/my_arm_moveit_config) by extensions ['ros']
[0.298s] Level 1:colcon.colcon_core.package_identification:_identify(src/my_arm_moveit_config) by extension 'ros'
[0.299s] DEBUG:colcon.colcon_core.package_identification:Package 'src/my_arm_moveit_config' with type 'ros.ament_cmake' and name 'my_arm_moveit_config'
[0.299s] Level 1:colcon.colcon_core.package_discovery:discover_packages(recursive) using defaults
[0.299s] Level 1:colcon.colcon_core.package_discovery:discover_packages(ignore) discover
[0.299s] Level 1:colcon.colcon_core.package_discovery:discover_packages(ignore) using defaults
[0.299s] Level 1:colcon.colcon_core.package_discovery:discover_packages(path) discover
[0.299s] Level 1:colcon.colcon_core.package_discovery:discover_packages(path) using defaults
[0.321s] INFO:colcon.colcon_core.package_selection:Skipping not selected package 'my_arm_description' in 'src/my_arm_description'
[0.321s] Level 1:colcon.colcon_core.package_discovery:discover_packages(prefix_path) check parameters
[0.321s] Level 1:colcon.colcon_core.package_discovery:discover_packages(prefix_path) discover
[0.322s] DEBUG:colcon.colcon_installed_package_information.package_discovery:Found 3 installed packages in /home/elijahcmv/projects/robotarm/ros2_ws/install
[0.323s] DEBUG:colcon.colcon_installed_package_information.package_discovery:Found 356 installed packages in /opt/ros/humble
[0.324s] Level 1:colcon.colcon_core.package_discovery:discover_packages(prefix_path) using defaults
[0.356s] Level 5:colcon.colcon_core.verb:set package 'my_arm_kinematics' build argument 'cmake_args' from command line to 'None'
[0.356s] Level 5:colcon.colcon_core.verb:set package 'my_arm_kinematics' build argument 'cmake_target' from command line to 'None'
[0.356s] Level 5:colcon.colcon_core.verb:set package 'my_arm_kinematics' build argument 'cmake_target_skip_unavailable' from command line to 'False'
[0.356s] Level 5:colcon.colcon_core.verb:set package 'my_arm_kinematics' build argument 'cmake_clean_cache' from command line to 'False'
[0.356s] Level 5:colcon.colcon_core.verb:set package 'my_arm_kinematics' build argument 'cmake_clean_first' from command line to 'False'
[0.356s] Level 5:colcon.colcon_core.verb:set package 'my_arm_kinematics' build argument 'cmake_force_configure' from command line to 'False'
[0.356s] Level 5:colcon.colcon_core.verb:set package 'my_arm_kinematics' build argument 'ament_cmake_args' from command line to 'None'
[0.356s] Level 5:colcon.colcon_core.verb:set package 'my_arm_kinematics' build argument 'catkin_cmake_args' from command line to 'None'
[0.356s] Level 5:colcon.colcon_core.verb:set package 'my_arm_kinematics' build argument 'catkin_skip_building_tests' from command line to 'False'
[0.356s] DEBUG:colcon.colcon_core.verb:Building package 'my_arm_kinematics' with the following arguments: {'ament_cmake_args': None, 'build_base': '/home/elijahcmv/projects/robotarm/ros2_ws/build/my_arm_kinematics', 'catkin_cmake_args': None, 'catkin_skip_building_tests': False, 'cmake_args': None, 'cmake_clean_cache': False, 'cmake_clean_first': False, 'cmake_force_configure': False, 'cmake_target': None, 'cmake_target_skip_unavailable': False, 'install_base': '/home/elijahcmv/projects/robotarm/ros2_ws/install', 'merge_install': True, 'path': '/home/elijahcmv/projects/robotarm/ros2_ws/src/my_arm_kinematics', 'symlink_install': False, 'test_result_base': None}
[0.357s] Level 5:colcon.colcon_core.verb:set package 'my_arm_moveit_config' build argument 'cmake_args' from command line to 'None'
[0.357s] Level 5:colcon.colcon_core.verb:set package 'my_arm_moveit_config' build argument 'cmake_target' from command line to 'None'
[0.357s] Level 5:colcon.colcon_core.verb:set package 'my_arm_moveit_config' build argument 'cmake_target_skip_unavailable' from command line to 'False'
[0.357s] Level 5:colcon.colcon_core.verb:set package 'my_arm_moveit_config' build argument 'cmake_clean_cache' from command line to 'False'
[0.357s] Level 5:colcon.colcon_core.verb:set package 'my_arm_moveit_config' build argument 'cmake_clean_first' from command line to 'False'
[0.357s] Level 5:colcon.colcon_core.verb:set package 'my_arm_moveit_config' build argument 'cmake_force_configure' from command line to 'False'
[0.357s] Level 5:colcon.colcon_core.verb:set package 'my_arm_moveit_config' build argument 'ament_cmake_args' from command line to 'None'
[0.357s] Level 5:colcon.colcon_core.verb:set package 'my_arm_moveit_config' build argument 'catkin_cmake_args' from command line to 'None'
[0.357s] Level 5:colcon.colcon_core.verb:set package 'my_arm_moveit_config' build argument 'catkin_skip_building_tests' from command line to 'False'
[0.357s] DEBUG:colcon.colcon_core.verb:Building package 'my_arm_moveit_config' with the following arguments: {'ament_cmake_args': None, 'build_base': '/home/elijahcmv/projects/robotarm/ros2_ws/build/my_arm_moveit_config', 'catkin_cmake_args': None, 'catkin_skip_building_tests': False, 'cmake_args': None, 'cmake_clean_cache': False, 'cmake_clean_first': False, 'cmake_force_configure': False, 'cmake_target': None, 'cmake_target_skip_unavailable': False, 'install_base': '/home/elijahcmv/projects/robotarm/ros2_ws/install', 'merge_install': True, 'path': '/home/elijahcmv/projects/robotarm/ros2_ws/src/my_arm_moveit_config', 'symlink_install': False, 'test_result_base': None}
[0.357s] INFO:colcon.colcon_core.executor:Executing jobs using 'parallel' executor
[0.358s] DEBUG:colcon.colcon_parallel_executor.executor.parallel:run_until_complete
[0.358s] INFO:colcon.colcon_ros.task.ament_cmake.build:Building ROS package in '/home/elijahcmv/projects/robotarm/ros2_ws/src/my_arm_kinematics' with build type 'ament_cmake'
[0.358s] INFO:colcon.colcon_cmake.task.cmake.build:Building CMake package in '/home/elijahcmv/projects/robotarm/ros2_ws/src/my_arm_kinematics'
[0.360s] INFO:colcon.colcon_core.plugin_system:Skipping extension 'colcon_core.shell.bat': Not used on non-Windows systems
[0.360s] INFO:colcon.colcon_core.shell:Skip shell extension 'powershell' for command environment: Not usable outside of PowerShell
[0.360s] DEBUG:colcon.colcon_core.shell:Skip shell extension 'dsv' for command environment
[0.363s] INFO:colcon.colcon_ros.task.ament_cmake.build:Building ROS package in '/home/elijahcmv/projects/robotarm/ros2_ws/src/my_arm_moveit_config' with build type 'ament_cmake'
[0.363s] INFO:colcon.colcon_cmake.task.cmake.build:Building CMake package in '/home/elijahcmv/projects/robotarm/ros2_ws/src/my_arm_moveit_config'
[0.363s] INFO:colcon.colcon_core.shell:Skip shell extension 'powershell' for command environment: Not usable outside of PowerShell
[0.363s] DEBUG:colcon.colcon_core.shell:Skip shell extension 'dsv' for command environment
[0.373s] DEBUG:colcon.colcon_core.event_handler.log_command:Invoking command in '/home/elijahcmv/projects/robotarm/ros2_ws/build/my_arm_kinematics': CMAKE_PREFIX_PATH=${CMAKE_PREFIX_PATH}:/opt/ros/humble /usr/bin/cmake --build /home/elijahcmv/projects/robotarm/ros2_ws/build/my_arm_kinematics -- -j16 -l16
[0.419s] DEBUG:colcon.colcon_core.event_handler.log_command:Invoking command in '/home/elijahcmv/projects/robotarm/ros2_ws/build/my_arm_moveit_config': CMAKE_PREFIX_PATH=${CMAKE_PREFIX_PATH}:/opt/ros/humble /usr/bin/cmake --build /home/elijahcmv/projects/robotarm/ros2_ws/build/my_arm_moveit_config -- -j16 -l16
[0.433s] DEBUG:colcon.colcon_core.event_handler.log_command:Invoked command in '/home/elijahcmv/projects/robotarm/ros2_ws/build/my_arm_kinematics' returned '0': CMAKE_PREFIX_PATH=${CMAKE_PREFIX_PATH}:/opt/ros/humble /usr/bin/cmake --build /home/elijahcmv/projects/robotarm/ros2_ws/build/my_arm_kinematics -- -j16 -l16
[0.442s] DEBUG:colcon.colcon_core.event_handler.log_command:Invoking command in '/home/elijahcmv/projects/robotarm/ros2_ws/build/my_arm_kinematics': CMAKE_PREFIX_PATH=${CMAKE_PREFIX_PATH}:/opt/ros/humble /usr/bin/cmake --install /home/elijahcmv/projects/robotarm/ros2_ws/build/my_arm_kinematics
[0.452s] DEBUG:colcon.colcon_core.event_handler.log_command:Invoked command in '/home/elijahcmv/projects/robotarm/ros2_ws/build/my_arm_moveit_config' returned '0': CMAKE_PREFIX_PATH=${CMAKE_PREFIX_PATH}:/opt/ros/humble /usr/bin/cmake --build /home/elijahcmv/projects/robotarm/ros2_ws/build/my_arm_moveit_config -- -j16 -l16
[0.453s] DEBUG:colcon.colcon_core.event_handler.log_command:Invoking command in '/home/elijahcmv/projects/robotarm/ros2_ws/build/my_arm_moveit_config': CMAKE_PREFIX_PATH=${CMAKE_PREFIX_PATH}:/opt/ros/humble /usr/bin/cmake --install /home/elijahcmv/projects/robotarm/ros2_ws/build/my_arm_moveit_config
[0.453s] Level 1:colcon.colcon_core.environment:create_environment_scripts_only(my_arm_kinematics)
[0.454s] DEBUG:colcon.colcon_core.event_handler.log_command:Invoked command in '/home/elijahcmv/projects/robotarm/ros2_ws/build/my_arm_kinematics' returned '0': CMAKE_PREFIX_PATH=${CMAKE_PREFIX_PATH}:/opt/ros/humble /usr/bin/cmake --install /home/elijahcmv/projects/robotarm/ros2_ws/build/my_arm_kinematics
[0.456s] Level 1:colcon.colcon_core.environment:checking '/home/elijahcmv/projects/robotarm/ros2_ws/install' for CMake module files
[0.456s] Level 1:colcon.colcon_core.environment:checking '/home/elijahcmv/projects/robotarm/ros2_ws/install' for CMake config files
[0.456s] Level 1:colcon.colcon_core.shell:create_environment_hook('my_arm_kinematics', 'cmake_prefix_path')
[0.457s] INFO:colcon.colcon_core.shell:Creating environment hook '/home/elijahcmv/projects/robotarm/ros2_ws/install/share/my_arm_kinematics/hook/cmake_prefix_path.ps1'
[0.457s] INFO:colcon.colcon_core.shell:Creating environment descriptor '/home/elijahcmv/projects/robotarm/ros2_ws/install/share/my_arm_kinematics/hook/cmake_prefix_path.dsv'
[0.457s] INFO:colcon.colcon_core.shell:Creating environment hook '/home/elijahcmv/projects/robotarm/ros2_ws/install/share/my_arm_kinematics/hook/cmake_prefix_path.sh'
[0.459s] Level 1:colcon.colcon_core.environment:checking '/home/elijahcmv/projects/robotarm/ros2_ws/install/lib'
[0.459s] Level 1:colcon.colcon_core.shell:create_environment_hook('my_arm_kinematics', 'ld_library_path_lib')
[0.460s] INFO:colcon.colcon_core.shell:Creating environment hook '/home/elijahcmv/projects/robotarm/ros2_ws/install/share/my_arm_kinematics/hook/ld_library_path_lib.ps1'
[0.464s] INFO:colcon.colcon_core.shell:Creating environment descriptor '/home/elijahcmv/projects/robotarm/ros2_ws/install/share/my_arm_kinematics/hook/ld_library_path_lib.dsv'
[0.464s] INFO:colcon.colcon_core.shell:Creating environment hook '/home/elijahcmv/projects/robotarm/ros2_ws/install/share/my_arm_kinematics/hook/ld_library_path_lib.sh'
[0.465s] Level 1:colcon.colcon_core.environment:checking '/home/elijahcmv/projects/robotarm/ros2_ws/install/bin'
[0.465s] Level 1:colcon.colcon_core.environment:checking '/home/elijahcmv/projects/robotarm/ros2_ws/install/lib/pkgconfig/my_arm_kinematics.pc'
[0.465s] Level 1:colcon.colcon_core.environment:checking '/home/elijahcmv/projects/robotarm/ros2_ws/install/lib/python3.10/site-packages'
[0.465s] Level 1:colcon.colcon_core.environment:checking '/home/elijahcmv/projects/robotarm/ros2_ws/install/bin'
[0.466s] INFO:colcon.colcon_core.shell:Creating package script '/home/elijahcmv/projects/robotarm/ros2_ws/install/share/my_arm_kinematics/package.ps1'
[0.466s] INFO:colcon.colcon_core.shell:Creating package descriptor '/home/elijahcmv/projects/robotarm/ros2_ws/install/share/my_arm_kinematics/package.dsv'
[0.467s] INFO:colcon.colcon_core.shell:Creating package script '/home/elijahcmv/projects/robotarm/ros2_ws/install/share/my_arm_kinematics/package.sh'
[0.467s] INFO:colcon.colcon_core.shell:Creating package script '/home/elijahcmv/projects/robotarm/ros2_ws/install/share/my_arm_kinematics/package.bash'
[0.468s] INFO:colcon.colcon_core.shell:Creating package script '/home/elijahcmv/projects/robotarm/ros2_ws/install/share/my_arm_kinematics/package.zsh'
[0.468s] Level 1:colcon.colcon_core.environment:create_file_with_runtime_dependencies(/home/elijahcmv/projects/robotarm/ros2_ws/install/share/colcon-core/packages/my_arm_kinematics)
[0.469s] Level 1:colcon.colcon_core.environment:create_environment_scripts_only(my_arm_kinematics)
[0.469s] Level 1:colcon.colcon_core.environment:checking '/home/elijahcmv/projects/robotarm/ros2_ws/install' for CMake module files
[0.469s] Level 1:colcon.colcon_core.environment:checking '/home/elijahcmv/projects/robotarm/ros2_ws/install' for CMake config files
[0.469s] Level 1:colcon.colcon_core.shell:create_environment_hook('my_arm_kinematics', 'cmake_prefix_path')
[0.469s] INFO:colcon.colcon_core.shell:Creating environment hook '/home/elijahcmv/projects/robotarm/ros2_ws/install/share/my_arm_kinematics/hook/cmake_prefix_path.ps1'
[0.470s] INFO:colcon.colcon_core.shell:Creating environment descriptor '/home/elijahcmv/projects/robotarm/ros2_ws/install/share/my_arm_kinematics/hook/cmake_prefix_path.dsv'
[0.470s] INFO:colcon.colcon_core.shell:Creating environment hook '/home/elijahcmv/projects/robotarm/ros2_ws/install/share/my_arm_kinematics/hook/cmake_prefix_path.sh'
[0.470s] Level 1:colcon.colcon_core.environment:checking '/home/elijahcmv/projects/robotarm/ros2_ws/install/lib'
[0.470s] Level 1:colcon.colcon_core.shell:create_environment_hook('my_arm_kinematics', 'ld_library_path_lib')
[0.470s] INFO:colcon.colcon_core.shell:Creating environment hook '/home/elijahcmv/projects/robotarm/ros2_ws/install/share/my_arm_kinematics/hook/ld_library_path_lib.ps1'
[0.471s] INFO:colcon.colcon_core.shell:Creating environment descriptor '/home/elijahcmv/projects/robotarm/ros2_ws/install/share/my_arm_kinematics/hook/ld_library_path_lib.dsv'
[0.471s] INFO:colcon.colcon_core.shell:Creating environment hook '/home/elijahcmv/projects/robotarm/ros2_ws/install/share/my_arm_kinematics/hook/ld_library_path_lib.sh'
[0.471s] Level 1:colcon.colcon_core.environment:checking '/home/elijahcmv/projects/robotarm/ros2_ws/install/bin'
[0.471s] Level 1:colcon.colcon_core.environment:checking '/home/elijahcmv/projects/robotarm/ros2_ws/install/lib/pkgconfig/my_arm_kinematics.pc'
[0.471s] Level 1:colcon.colcon_core.environment:checking '/home/elijahcmv/projects/robotarm/ros2_ws/install/lib/python3.10/site-packages'
[0.472s] Level 1:colcon.colcon_core.environment:checking '/home/elijahcmv/projects/robotarm/ros2_ws/install/bin'
[0.472s] INFO:colcon.colcon_core.shell:Creating package script '/home/elijahcmv/projects/robotarm/ros2_ws/install/share/my_arm_kinematics/package.ps1'
[0.472s] INFO:colcon.colcon_core.shell:Creating package descriptor '/home/elijahcmv/projects/robotarm/ros2_ws/install/share/my_arm_kinematics/package.dsv'
[0.472s] INFO:colcon.colcon_core.shell:Creating package script '/home/elijahcmv/projects/robotarm/ros2_ws/install/share/my_arm_kinematics/package.sh'
[0.473s] INFO:colcon.colcon_core.shell:Creating package script '/home/elijahcmv/projects/robotarm/ros2_ws/install/share/my_arm_kinematics/package.bash'
[0.473s] INFO:colcon.colcon_core.shell:Creating package script '/home/elijahcmv/projects/robotarm/ros2_ws/install/share/my_arm_kinematics/package.zsh'
[0.473s] Level 1:colcon.colcon_core.environment:create_file_with_runtime_dependencies(/home/elijahcmv/projects/robotarm/ros2_ws/install/share/colcon-core/packages/my_arm_kinematics)
[0.475s] Level 1:colcon.colcon_core.environment:create_environment_scripts_only(my_arm_moveit_config)
[0.476s] Level 1:colcon.colcon_core.environment:checking '/home/elijahcmv/projects/robotarm/ros2_ws/install' for CMake module files
[0.477s] DEBUG:colcon.colcon_core.event_handler.log_command:Invoked command in '/home/elijahcmv/projects/robotarm/ros2_ws/build/my_arm_moveit_config' returned '0': CMAKE_PREFIX_PATH=${CMAKE_PREFIX_PATH}:/opt/ros/humble /usr/bin/cmake --install /home/elijahcmv/projects/robotarm/ros2_ws/build/my_arm_moveit_config
[0.477s] Level 1:colcon.colcon_core.environment:checking '/home/elijahcmv/projects/robotarm/ros2_ws/install' for CMake config files
[0.477s] Level 1:colcon.colcon_core.shell:create_environment_hook('my_arm_moveit_config', 'cmake_prefix_path')
[0.478s] INFO:colcon.colcon_core.shell:Creating environment hook '/home/elijahcmv/projects/robotarm/ros2_ws/install/share/my_arm_moveit_config/hook/cmake_prefix_path.ps1'
[0.478s] INFO:colcon.colcon_core.shell:Creating environment descriptor '/home/elijahcmv/projects/robotarm/ros2_ws/install/share/my_arm_moveit_config/hook/cmake_prefix_path.dsv'
[0.478s] INFO:colcon.colcon_core.shell:Creating environment hook '/home/elijahcmv/projects/robotarm/ros2_ws/install/share/my_arm_moveit_config/hook/cmake_prefix_path.sh'
[0.479s] Level 1:colcon.colcon_core.environment:checking '/home/elijahcmv/projects/robotarm/ros2_ws/install/lib'
[0.479s] Level 1:colcon.colcon_core.shell:create_environment_hook('my_arm_moveit_config', 'ld_library_path_lib')
[0.479s] INFO:colcon.colcon_core.shell:Creating environment hook '/home/elijahcmv/projects/robotarm/ros2_ws/install/share/my_arm_moveit_config/hook/ld_library_path_lib.ps1'
[0.479s] INFO:colcon.colcon_core.shell:Creating environment descriptor '/home/elijahcmv/projects/robotarm/ros2_ws/install/share/my_arm_moveit_config/hook/ld_library_path_lib.dsv'
[0.479s] INFO:colcon.colcon_core.shell:Creating environment hook '/home/elijahcmv/projects/robotarm/ros2_ws/install/share/my_arm_moveit_config/hook/ld_library_path_lib.sh'
[0.479s] Level 1:colcon.colcon_core.environment:checking '/home/elijahcmv/projects/robotarm/ros2_ws/install/bin'
[0.479s] Level 1:colcon.colcon_core.environment:checking '/home/elijahcmv/projects/robotarm/ros2_ws/install/lib/pkgconfig/my_arm_moveit_config.pc'
[0.480s] Level 1:colcon.colcon_core.environment:checking '/home/elijahcmv/projects/robotarm/ros2_ws/install/lib/python3.10/site-packages'
[0.480s] Level 1:colcon.colcon_core.environment:checking '/home/elijahcmv/projects/robotarm/ros2_ws/install/bin'
[0.480s] INFO:colcon.colcon_core.shell:Creating package script '/home/elijahcmv/projects/robotarm/ros2_ws/install/share/my_arm_moveit_config/package.ps1'
[0.480s] INFO:colcon.colcon_core.shell:Creating package descriptor '/home/elijahcmv/projects/robotarm/ros2_ws/install/share/my_arm_moveit_config/package.dsv'
[0.481s] INFO:colcon.colcon_core.shell:Creating package script '/home/elijahcmv/projects/robotarm/ros2_ws/install/share/my_arm_moveit_config/package.sh'
[0.481s] INFO:colcon.colcon_core.shell:Creating package script '/home/elijahcmv/projects/robotarm/ros2_ws/install/share/my_arm_moveit_config/package.bash'
[0.481s] INFO:colcon.colcon_core.shell:Creating package script '/home/elijahcmv/projects/robotarm/ros2_ws/install/share/my_arm_moveit_config/package.zsh'
[0.482s] Level 1:colcon.colcon_core.environment:create_file_with_runtime_dependencies(/home/elijahcmv/projects/robotarm/ros2_ws/install/share/colcon-core/packages/my_arm_moveit_config)
[0.482s] Level 1:colcon.colcon_core.environment:create_environment_scripts_only(my_arm_moveit_config)
[0.482s] Level 1:colcon.colcon_core.environment:checking '/home/elijahcmv/projects/robotarm/ros2_ws/install' for CMake module files
[0.483s] Level 1:colcon.colcon_core.environment:checking '/home/elijahcmv/projects/robotarm/ros2_ws/install' for CMake config files
[0.483s] Level 1:colcon.colcon_core.shell:create_environment_hook('my_arm_moveit_config', 'cmake_prefix_path')
[0.483s] INFO:colcon.colcon_core.shell:Creating environment hook '/home/elijahcmv/projects/robotarm/ros2_ws/install/share/my_arm_moveit_config/hook/cmake_prefix_path.ps1'
[0.483s] INFO:colcon.colcon_core.shell:Creating environment descriptor '/home/elijahcmv/projects/robotarm/ros2_ws/install/share/my_arm_moveit_config/hook/cmake_prefix_path.dsv'
[0.483s] INFO:colcon.colcon_core.shell:Creating environment hook '/home/elijahcmv/projects/robotarm/ros2_ws/install/share/my_arm_moveit_config/hook/cmake_prefix_path.sh'
[0.484s] Level 1:colcon.colcon_core.environment:checking '/home/elijahcmv/projects/robotarm/ros2_ws/install/lib'
[0.484s] Level 1:colcon.colcon_core.shell:create_environment_hook('my_arm_moveit_config', 'ld_library_path_lib')
[0.484s] INFO:colcon.colcon_core.shell:Creating environment hook '/home/elijahcmv/projects/robotarm/ros2_ws/install/share/my_arm_moveit_config/hook/ld_library_path_lib.ps1'
[0.484s] INFO:colcon.colcon_core.shell:Creating environment descriptor '/home/elijahcmv/projects/robotarm/ros2_ws/install/share/my_arm_moveit_config/hook/ld_library_path_lib.dsv'
[0.484s] INFO:colcon.colcon_core.shell:Creating environment hook '/home/elijahcmv/projects/robotarm/ros2_ws/install/share/my_arm_moveit_config/hook/ld_library_path_lib.sh'
[0.485s] Level 1:colcon.colcon_core.environment:checking '/home/elijahcmv/projects/robotarm/ros2_ws/install/bin'
[0.485s] Level 1:colcon.colcon_core.environment:checking '/home/elijahcmv/projects/robotarm/ros2_ws/install/lib/pkgconfig/my_arm_moveit_config.pc'
[0.485s] Level 1:colcon.colcon_core.environment:checking '/home/elijahcmv/projects/robotarm/ros2_ws/install/lib/python3.10/site-packages'
[0.485s] Level 1:colcon.colcon_core.environment:checking '/home/elijahcmv/projects/robotarm/ros2_ws/install/bin'
[0.486s] INFO:colcon.colcon_core.shell:Creating package script '/home/elijahcmv/projects/robotarm/ros2_ws/install/share/my_arm_moveit_config/package.ps1'
[0.486s] INFO:colcon.colcon_core.shell:Creating package descriptor '/home/elijahcmv/projects/robotarm/ros2_ws/install/share/my_arm_moveit_config/package.dsv'
[0.486s] INFO:colcon.colcon_core.shell:Creating package script '/home/elijahcmv/projects/robotarm/ros2_ws/install/share/my_arm_moveit_config/package.sh'
[0.486s] INFO:colcon.colcon_core.shell:Creating package script '/home/elijahcmv/projects/robotarm/ros2_ws/install/share/my_arm_moveit_config/package.bash'
[0.487s] INFO:colcon.colcon_core.shell:Creating package script '/home/elijahcmv/projects/robotarm/ros2_ws/install/share/my_arm_moveit_config/package.zsh'
[0.487s] Level 1:colcon.colcon_core.environment:create_file_with_runtime_dependencies(/home/elijahcmv/projects/robotarm/ros2_ws/install/share/colcon-core/packages/my_arm_moveit_config)
[0.487s] DEBUG:colcon.colcon_parallel_executor.executor.parallel:closing loop
[0.487s] DEBUG:colcon.colcon_parallel_executor.executor.parallel:loop closed
[0.487s] DEBUG:colcon.colcon_parallel_executor.executor.parallel:run_until_complete finished with '0'
[0.488s] DEBUG:colcon.colcon_core.event_reactor:joining thread
[0.533s] INFO:colcon.colcon_core.plugin_system:Skipping extension 'colcon_notification.desktop_notification.notify_send': Could not find 'notify-send'
[0.534s] INFO:colcon.colcon_core.plugin_system:Skipping extension 'colcon_notification.desktop_notification.terminal_notifier': Not used on non-Darwin systems
[0.534s] INFO:colcon.colcon_core.plugin_system:Skipping extension 'colcon_notification.desktop_notification.win32': Not used on non-Windows systems
[0.534s] INFO:colcon.colcon_notification.desktop_notification:Sending desktop notification using 'notify2'
[0.534s] DEBUG:colcon.colcon_notification.desktop_notification.notify2:Failed to initialize notify2: org.freedesktop.DBus.Error.FileNotFound: Failed to connect to socket /run/user/1000/bus: No such file or directory
[0.534s] DEBUG:colcon.colcon_core.event_reactor:joined thread
[0.534s] INFO:colcon.colcon_core.shell:Creating prefix script '/home/elijahcmv/projects/robotarm/ros2_ws/install/local_setup.ps1'
[0.535s] INFO:colcon.colcon_core.shell:Creating prefix util module '/home/elijahcmv/projects/robotarm/ros2_ws/install/_local_setup_util_ps1.py'
[0.536s] INFO:colcon.colcon_core.shell:Creating prefix chain script '/home/elijahcmv/projects/robotarm/ros2_ws/install/setup.ps1'
[0.537s] INFO:colcon.colcon_core.shell:Creating prefix script '/home/elijahcmv/projects/robotarm/ros2_ws/install/local_setup.sh'
[0.537s] INFO:colcon.colcon_core.shell:Creating prefix util module '/home/elijahcmv/projects/robotarm/ros2_ws/install/_local_setup_util_sh.py'
[0.538s] INFO:colcon.colcon_core.shell:Creating prefix chain script '/home/elijahcmv/projects/robotarm/ros2_ws/install/setup.sh'
[0.538s] INFO:colcon.colcon_core.shell:Creating prefix script '/home/elijahcmv/projects/robotarm/ros2_ws/install/local_setup.bash'
[0.539s] INFO:colcon.colcon_core.shell:Creating prefix chain script '/home/elijahcmv/projects/robotarm/ros2_ws/install/setup.bash'
[0.539s] INFO:colcon.colcon_core.shell:Creating prefix script '/home/elijahcmv/projects/robotarm/ros2_ws/install/local_setup.zsh'
[0.540s] INFO:colcon.colcon_core.shell:Creating prefix chain script '/home/elijahcmv/projects/robotarm/ros2_ws/install/setup.zsh'
